node.exe : (node:23688) 
ExperimentalWarning: CommonJS 
module C:\Program Files\nodejs\nod
e_modules\npm\node_modules\debug\s
rc\node.js is loading ES Module 
C:\Program Files\nodejs\node_modul
es\npm\node_modules\supports-color
\index.js using require().
At C:\Program 
Files\nodejs\npx.ps1:29 char:3
+   & $NODE_EXE $NPX_CLI_JS $args
+   ~~~~~~~~~~~~~~~~~~~~~~~~~~~~~
    + CategoryInfo          : Not 
   Specified: ((node:23688) Ex..  
  .sing require().:String) [],    
 RemoteException
    + FullyQualifiedErrorId : Nat 
   iveCommandError
 
Support for loading ES Module in 
require() is an experimental 
feature and might change at any 
time
(Use `node --trace-warnings ...` 
to show where the warning was 
created)
  console.log
    [dotenv@17.3.1] injecting env (10) from .env.test -- tip: ΓÜÖ∩╕Å  specify custom .env file path with { path: '/custom/path/.env' }

      at _log (node_modules/dotenv/lib/main.js:139:11)

  console.log
    
    ≡ƒº¬ Setting up test environment...

      at log (__tests__/setup.js:193:11)

  console.log
    ≡ƒôª Test database already exists: chenda_test

      at log (__tests__/setup.js:58:15)

  console.log
    ≡ƒöä Running migrations on test database...

      at log (__tests__/setup.js:72:13)

  console.log
    Γ£à PostGIS extension enabled

      at log (__tests__/setup.js:76:13)

  console.log
    Γ£à Cleaned existing schema

      at log (__tests__/setup.js:97:13)

  console.log
    Γ£à Migrations completed

      at log (__tests__/setup.js:119:13)

  console.log
    ≡ƒî▒ Seeding test data...

      at log (__tests__/setup.js:131:13)

  console.log
    Γ£à Test data seeded

      at log (__tests__/setup.js:143:13)

  console.log
    
    Γ£à Test environment ready

      at log (__tests__/setup.js:199:13)

  console.log
    [dotenv@17.3.1] injecting env (0) from .env -- tip: ΓÜÖ∩╕Å  write to custom object with { processEnv: myObject }

      at _log (node_modules/dotenv/lib/main.js:139:11)

  console.log
    [dotenv@17.3.1] injecting env (0) from .env -- tip: ≡ƒ¢á∩╕Å  run anywhere with `dotenvx run -- yourcommand`

      at _log (node_modules/dotenv/lib/main.js:139:11)

  console.log
    [dotenv@17.3.1] injecting env (0) from .env -- tip: ≡ƒöÉ encrypt with Dotenvx: https://dotenvx.com

      at _log (node_modules/dotenv/lib/main.js:139:11)

  console.error
    Γ¥î Error: {
      message: 'Cannot set property query of [object Object] which has only a getter',
      status: 500,
      url: '/api/auth/register',
      method: 'POST',
      stack: 'TypeError: Cannot set property query of [object Object] which has only a getter\n' +
        '    at C:\\Users\\ACER\\Documents\\CHENDA\\chenda\\server\\node_modules\\xss-clean\\src\\index.js:10:20\n' +
        '    at Layer.handleRequest (C:\\Users\\ACER\\Documents\\CHENDA\\chenda\\server\\node_modules\\router\\lib\\layer.js:152:17)\n' +
        '    at trimPrefix (C:\\Users\\ACER\\Documents\\CHENDA\\chenda\\server\\node_modules\\router\\index.js:342:13)\n' +
        '    at C:\\Users\\ACER\\Documents\\CHENDA\\chenda\\server\\node_modules\\router\\index.js:297:9\n' +
        '    at processParams (C:\\Users\\ACER\\Documents\\CHENDA\\chenda\\server\\node_modules\\router\\index.js:582:12)\n' +
        '    at next (C:\\Users\\ACER\\Documents\\CHENDA\\chenda\\server\\node_modules\\router\\index.js:291:5)\n' +
        '    at read (C:\\Users\\ACER\\Documents\\CHENDA\\chenda\\server\\node_modules\\body-parser\\lib\\read.js:42:5)\n' +
        '    at urlencodedParser (C:\\Users\\ACER\\Documents\\CHENDA\\chenda\\server\\node_modules\\body-parser\\lib\\types\\urlencoded.js:57:5)\n' +
        '    at Layer.handleRequest (C:\\Users\\ACER\\Documents\\CHENDA\\chenda\\server\\node_modules\\router\\lib\\layer.js:152:17)\n' +
        '    at trimPrefix (C:\\Users\\ACER\\Documents\\CHENDA\\chenda\\server\\node_modules\\router\\index.js:342:13)\n' +
        '    at C:\\Users\\ACER\\Documents\\CHENDA\\chenda\\server\\node_modules\\router\\index.js:297:9\n' +
        '    at processParams (C:\\Users\\ACER\\Documents\\CHENDA\\chenda\\server\\node_modules\\router\\index.js:582:12)\n' +
        '    at next (C:\\Users\\ACER\\Documents\\CHENDA\\chenda\\server\\node_modules\\router\\index.js:291:5)\n' +
        '    at C:\\Users\\ACER\\Documents\\CHENDA\\chenda\\server\\node_modules\\body-parser\\lib\\read.js:171:5\n' +
        '    at AsyncResource.runInAsyncScope (node:async_hooks:211:14)\n' +
        '    at invokeCallback (C:\\Users\\ACER\\Documents\\CHENDA\\chenda\\server\\node_modules\\raw-body\\index.js:238:16)\n' +
        '    at done (C:\\Users\\ACER\\Documents\\CHENDA\\chenda\\server\\node_modules\\raw-body\\index.js:227:7)\n' +
        '    at IncomingMessage.onEnd (C:\\Users\\ACER\\Documents\\CHENDA\\chenda\\server\\node_modules\\raw-body\\index.js:287:7)\n' +
        '    at IncomingMessage.emit (node:events:513:28)\n' +
        '    at endReadableNT (node:internal/streams/readable:1696:12)\n' +
        '    at processTicksAndRejections (node:internal/process/task_queues:90:21)'
    }

    [0m [90m 28 |[39m   
     [90m 29 |[39m   [90m// Log error[39m
    [31m[1m>[22m[39m[90m 30 |[39m   console[33m.[39merror([32m'Γ¥î Error:'[39m[33m,[39m {
     [90m    |[39m           [31m[1m^[22m[39m
     [90m 31 |[39m     message[33m:[39m err[33m.[39mmessage[33m,[39m
     [90m 32 |[39m     status[33m:[39m statusCode[33m,[39m
     [90m 33 |[39m     url[33m:[39m req[33m.[39moriginalUrl[33m,[39m[0m

      at error (middleware/errorHandler.js:30:11)
      at Layer.handleError (node_modules/router/lib/layer.js:116:17)
      at trimPrefix (node_modules/router/index.js:340:13)
      at node_modules/router/index.js:297:9
      at processParams (node_modules/router/index.js:582:12)
      at next (node_modules/router/index.js:291:5)
      at next (middleware/analyticsMiddleware.js:295:3)
      at Layer.handleError (node_modules/router/lib/layer.js:116:17)
      at trimPrefix (node_modules/router/index.js:340:13)
      at node_modules/router/index.js:297:9
      at processParams (node_modules/router/index.js:582:12)
      at next (node_modules/router/index.js:291:5)
      at Layer.handleError (node_modules/router/lib/layer.js:111:12)
      at trimPrefix (node_modules/router/index.js:340:13)
      at node_modules/router/index.js:297:9
      at processParams (node_modules/router/index.js:582:12)
      at next (node_modules/router/index.js:291:5)
      at Layer.handleError (node_modules/router/lib/layer.js:111:12)
      at trimPrefix (node_modules/router/index.js:340:13)
      at node_modules/router/index.js:297:9
      at processParams (node_modules/router/index.js:582:12)
      at next (node_modules/router/index.js:291:5)
      at Layer.handleError (node_modules/router/lib/layer.js:111:12)
      at trimPrefix (node_modules/router/index.js:340:13)
      at node_modules/router/index.js:297:9
      at processParams (node_modules/router/index.js:582:12)
      at next (node_modules/router/index.js:291:5)
      at Layer.handleError (node_modules/router/lib/layer.js:111:12)
      at trimPrefix (node_modules/router/index.js:340:13)
      at node_modules/router/index.js:297:9
      at processParams (node_modules/router/index.js:582:12)
      at next (node_modules/router/index.js:291:5)
      at Layer.handleError (node_modules/router/lib/layer.js:111:12)
      at trimPrefix (node_modules/router/index.js:340:13)
      at node_modules/router/index.js:297:9
      at processParams (node_modules/router/index.js:582:12)
      at next (node_modules/router/index.js:291:5)
      at Layer.handleError (node_modules/router/lib/layer.js:111:12)
      at trimPrefix (node_modules/router/index.js:340:13)
      at node_modules/router/index.js:297:9
      at processParams (node_modules/router/index.js:582:12)
      at next (node_modules/router/index.js:291:5)
      at Layer.handleError (node_modules/router/lib/layer.js:111:12)
      at trimPrefix (node_modules/router/index.js:340:13)
      at node_modules/router/index.js:297:9
      at processParams (node_modules/router/index.js:582:12)
      at next (node_modules/router/index.js:291:5)
      at Layer.handleError (node_modules/router/lib/layer.js:111:12)
      at trimPrefix (node_modules/router/index.js:340:13)
      at node_modules/router/index.js:297:9
      at processParams (node_modules/router/index.js:582:12)
      at next (node_modules/router/index.js:291:5)
      at Layer.handleError (node_modules/router/lib/layer.js:111:12)
      at trimPrefix (node_modules/router/index.js:340:13)
      at node_modules/router/index.js:297:9
      at processParams (node_modules/router/index.js:582:12)
      at next (node_modules/router/index.js:291:5)
      at Layer.handleRequest (node_modules/router/lib/layer.js:165:5)
      at trimPrefix (node_modules/router/index.js:342:13)
      at node_modules/router/index.js:297:9
      at processParams (node_modules/router/index.js:582:12)
      at next (node_modules/router/index.js:291:5)
      at read (node_modules/body-parser/lib/read.js:42:5)
      at urlencodedParser (node_modules/body-parser/lib/types/urlencoded.js:57:5)
      at Layer.handleRequest (node_modules/router/lib/layer.js:152:17)
      at trimPrefix (node_modules/router/index.js:342:13)
      at node_modules/router/index.js:297:9
      at processParams (node_modules/router/index.js:582:12)
      at next (node_modules/router/index.js:291:5)
      at node_modules/body-parser/lib/read.js:171:5
      at invokeCallback (node_modules/raw-body/index.js:238:16)
      at done (node_modules/raw-body/index.js:227:7)
      at IncomingMessage.onEnd (node_modules/raw-body/index.js:287:7)

  console.error
    Γ¥î Error: {
      message: 'Cannot set property query of [object Object] which has only a getter',
      status: 500,
      url: '/api/auth/register',
      method: 'POST',
      stack: 'TypeError: Cannot set property query of [object Object] which has only a getter\n' +
        '    at C:\\Users\\ACER\\Documents\\CHENDA\\chenda\\server\\node_modules\\xss-clean\\src\\index.js:10:20\n' +
        '    at Layer.handleRequest (C:\\Users\\ACER\\Documents\\CHENDA\\chenda\\server\\node_modules\\router\\lib\\layer.js:152:17)\n' +
        '    at trimPrefix (C:\\Users\\ACER\\Documents\\CHENDA\\chenda\\server\\node_modules\\router\\index.js:342:13)\n' +
        '    at C:\\Users\\ACER\\Documents\\CHENDA\\chenda\\server\\node_modules\\router\\index.js:297:9\n' +
        '    at processParams (C:\\Users\\ACER\\Documents\\CHENDA\\chenda\\server\\node_modules\\router\\index.js:582:12)\n' +
        '    at next (C:\\Users\\ACER\\Documents\\CHENDA\\chenda\\server\\node_modules\\router\\index.js:291:5)\n' +
        '    at read (C:\\Users\\ACER\\Documents\\CHENDA\\chenda\\server\\node_modules\\body-parser\\lib\\read.js:42:5)\n' +
        '    at urlencodedParser (C:\\Users\\ACER\\Documents\\CHENDA\\chenda\\server\\node_modules\\body-parser\\lib\\types\\urlencoded.js:57:5)\n' +
        '    at Layer.handleRequest (C:\\Users\\ACER\\Documents\\CHENDA\\chenda\\server\\node_modules\\router\\lib\\layer.js:152:17)\n' +
        '    at trimPrefix (C:\\Users\\ACER\\Documents\\CHENDA\\chenda\\server\\node_modules\\router\\index.js:342:13)\n' +
        '    at C:\\Users\\ACER\\Documents\\CHENDA\\chenda\\server\\node_modules\\router\\index.js:297:9\n' +
        '    at processParams (C:\\Users\\ACER\\Documents\\CHENDA\\chenda\\server\\node_modules\\router\\index.js:582:12)\n' +
        '    at next (C:\\Users\\ACER\\Documents\\CHENDA\\chenda\\server\\node_modules\\router\\index.js:291:5)\n' +
        '    at C:\\Users\\ACER\\Documents\\CHENDA\\chenda\\server\\node_modules\\body-parser\\lib\\read.js:171:5\n' +
        '    at AsyncResource.runInAsyncScope (node:async_hooks:211:14)\n' +
        '    at invokeCallback (C:\\Users\\ACER\\Documents\\CHENDA\\chenda\\server\\node_modules\\raw-body\\index.js:238:16)\n' +
        '    at done (C:\\Users\\ACER\\Documents\\CHENDA\\chenda\\server\\node_modules\\raw-body\\index.js:227:7)\n' +
        '    at IncomingMessage.onEnd (C:\\Users\\ACER\\Documents\\CHENDA\\chenda\\server\\node_modules\\raw-body\\index.js:287:7)\n' +
        '    at IncomingMessage.emit (node:events:513:28)\n' +
        '    at endReadableNT (node:internal/streams/readable:1696:12)\n' +
        '    at processTicksAndRejections (node:internal/process/task_queues:90:21)'
    }

    [0m [90m 28 |[39m   
     [90m 29 |[39m   [90m// Log error[39m
    [31m[1m>[22m[39m[90m 30 |[39m   console[33m.[39merror([32m'Γ¥î Error:'[39m[33m,[39m {
     [90m    |[39m           [31m[1m^[22m[39m
     [90m 31 |[39m     message[33m:[39m err[33m.[39mmessage[33m,[39m
     [90m 32 |[39m     status[33m:[39m statusCode[33m,[39m
     [90m 33 |[39m     url[33m:[39m req[33m.[39moriginalUrl[33m,[39m[0m

      at error (middleware/errorHandler.js:30:11)
      at Layer.handleError (node_modules/router/lib/layer.js:116:17)
      at trimPrefix (node_modules/router/index.js:340:13)
      at node_modules/router/index.js:297:9
      at processParams (node_modules/router/index.js:582:12)
      at next (node_modules/router/index.js:291:5)
      at next (middleware/analyticsMiddleware.js:295:3)
      at Layer.handleError (node_modules/router/lib/layer.js:116:17)
      at trimPrefix (node_modules/router/index.js:340:13)
      at node_modules/router/index.js:297:9
      at processParams (node_modules/router/index.js:582:12)
      at next (node_modules/router/index.js:291:5)
      at Layer.handleError (node_modules/router/lib/layer.js:111:12)
      at trimPrefix (node_modules/router/index.js:340:13)
      at node_modules/router/index.js:297:9
      at processParams (node_modules/router/index.js:582:12)
      at next (node_modules/router/index.js:291:5)
      at Layer.handleError (node_modules/router/lib/layer.js:111:12)
      at trimPrefix (node_modules/router/index.js:340:13)
      at node_modules/router/index.js:297:9
      at processParams (node_modules/router/index.js:582:12)
      at next (node_modules/router/index.js:291:5)
      at Layer.handleError (node_modules/router/lib/layer.js:111:12)
      at trimPrefix (node_modules/router/index.js:340:13)
      at node_modules/router/index.js:297:9
      at processParams (node_modules/router/index.js:582:12)
      at next (node_modules/router/index.js:291:5)
      at Layer.handleError (node_modules/router/lib/layer.js:111:12)
      at trimPrefix (node_modules/router/index.js:340:13)
      at node_modules/router/index.js:297:9
      at processParams (node_modules/router/index.js:582:12)
      at next (node_modules/router/index.js:291:5)
      at Layer.handleError (node_modules/router/lib/layer.js:111:12)
      at trimPrefix (node_modules/router/index.js:340:13)
      at node_modules/router/index.js:297:9
      at processParams (node_modules/router/index.js:582:12)
      at next (node_modules/router/index.js:291:5)
      at Layer.handleError (node_modules/router/lib/layer.js:111:12)
      at trimPrefix (node_modules/router/index.js:340:13)
      at node_modules/router/index.js:297:9
      at processParams (node_modules/router/index.js:582:12)
      at next (node_modules/router/index.js:291:5)
      at Layer.handleError (node_modules/router/lib/layer.js:111:12)
      at trimPrefix (node_modules/router/index.js:340:13)
      at node_modules/router/index.js:297:9
      at processParams (node_modules/router/index.js:582:12)
      at next (node_modules/router/index.js:291:5)
      at Layer.handleError (node_modules/router/lib/layer.js:111:12)
      at trimPrefix (node_modules/router/index.js:340:13)
      at node_modules/router/index.js:297:9
      at processParams (node_modules/router/index.js:582:12)
      at next (node_modules/router/index.js:291:5)
      at Layer.handleError (node_modules/router/lib/layer.js:111:12)
      at trimPrefix (node_modules/router/index.js:340:13)
      at node_modules/router/index.js:297:9
      at processParams (node_modules/router/index.js:582:12)
      at next (node_modules/router/index.js:291:5)
      at Layer.handleRequest (node_modules/router/lib/layer.js:165:5)
      at trimPrefix (node_modules/router/index.js:342:13)
      at node_modules/router/index.js:297:9
      at processParams (node_modules/router/index.js:582:12)
      at next (node_modules/router/index.js:291:5)
      at read (node_modules/body-parser/lib/read.js:42:5)
      at urlencodedParser (node_modules/body-parser/lib/types/urlencoded.js:57:5)
      at Layer.handleRequest (node_modules/router/lib/layer.js:152:17)
      at trimPrefix (node_modules/router/index.js:342:13)
      at node_modules/router/index.js:297:9
      at processParams (node_modules/router/index.js:582:12)
      at next (node_modules/router/index.js:291:5)
      at node_modules/body-parser/lib/read.js:171:5
      at invokeCallback (node_modules/raw-body/index.js:238:16)
      at done (node_modules/raw-body/index.js:227:7)
      at IncomingMessage.onEnd (node_modules/raw-body/index.js:287:7)

  console.error
    Γ¥î Error: {
      message: 'Cannot set property query of [object Object] which has only a getter',
      status: 500,
      url: '/api/auth/register',
      method: 'POST',
      stack: 'TypeError: Cannot set property query of [object Object] which has only a getter\n' +
        '    at C:\\Users\\ACER\\Documents\\CHENDA\\chenda\\server\\node_modules\\xss-clean\\src\\index.js:10:20\n' +
        '    at Layer.handleRequest (C:\\Users\\ACER\\Documents\\CHENDA\\chenda\\server\\node_modules\\router\\lib\\layer.js:152:17)\n' +
        '    at trimPrefix (C:\\Users\\ACER\\Documents\\CHENDA\\chenda\\server\\node_modules\\router\\index.js:342:13)\n' +
        '    at C:\\Users\\ACER\\Documents\\CHENDA\\chenda\\server\\node_modules\\router\\index.js:297:9\n' +
        '    at processParams (C:\\Users\\ACER\\Documents\\CHENDA\\chenda\\server\\node_modules\\router\\index.js:582:12)\n' +
        '    at next (C:\\Users\\ACER\\Documents\\CHENDA\\chenda\\server\\node_modules\\router\\index.js:291:5)\n' +
        '    at read (C:\\Users\\ACER\\Documents\\CHENDA\\chenda\\server\\node_modules\\body-parser\\lib\\read.js:42:5)\n' +
        '    at urlencodedParser (C:\\Users\\ACER\\Documents\\CHENDA\\chenda\\server\\node_modules\\body-parser\\lib\\types\\urlencoded.js:57:5)\n' +
        '    at Layer.handleRequest (C:\\Users\\ACER\\Documents\\CHENDA\\chenda\\server\\node_modules\\router\\lib\\layer.js:152:17)\n' +
        '    at trimPrefix (C:\\Users\\ACER\\Documents\\CHENDA\\chenda\\server\\node_modules\\router\\index.js:342:13)\n' +
        '    at C:\\Users\\ACER\\Documents\\CHENDA\\chenda\\server\\node_modules\\router\\index.js:297:9\n' +
        '    at processParams (C:\\Users\\ACER\\Documents\\CHENDA\\chenda\\server\\node_modules\\router\\index.js:582:12)\n' +
        '    at next (C:\\Users\\ACER\\Documents\\CHENDA\\chenda\\server\\node_modules\\router\\index.js:291:5)\n' +
        '    at C:\\Users\\ACER\\Documents\\CHENDA\\chenda\\server\\node_modules\\body-parser\\lib\\read.js:171:5\n' +
        '    at AsyncResource.runInAsyncScope (node:async_hooks:211:14)\n' +
        '    at invokeCallback (C:\\Users\\ACER\\Documents\\CHENDA\\chenda\\server\\node_modules\\raw-body\\index.js:238:16)\n' +
        '    at done (C:\\Users\\ACER\\Documents\\CHENDA\\chenda\\server\\node_modules\\raw-body\\index.js:227:7)\n' +
        '    at IncomingMessage.onEnd (C:\\Users\\ACER\\Documents\\CHENDA\\chenda\\server\\node_modules\\raw-body\\index.js:287:7)\n' +
        '    at IncomingMessage.emit (node:events:513:28)\n' +
        '    at endReadableNT (node:internal/streams/readable:1696:12)\n' +
        '    at processTicksAndRejections (node:internal/process/task_queues:90:21)'
    }

    [0m [90m 28 |[39m   
     [90m 29 |[39m   [90m// Log error[39m
    [31m[1m>[22m[39m[90m 30 |[39m   console[33m.[39merror([32m'Γ¥î Error:'[39m[33m,[39m {
     [90m    |[39m           [31m[1m^[22m[39m
     [90m 31 |[39m     message[33m:[39m err[33m.[39mmessage[33m,[39m
     [90m 32 |[39m     status[33m:[39m statusCode[33m,[39m
     [90m 33 |[39m     url[33m:[39m req[33m.[39moriginalUrl[33m,[39m[0m

      at error (middleware/errorHandler.js:30:11)
      at Layer.handleError (node_modules/router/lib/layer.js:116:17)
      at trimPrefix (node_modules/router/index.js:340:13)
      at node_modules/router/index.js:297:9
      at processParams (node_modules/router/index.js:582:12)
      at next (node_modules/router/index.js:291:5)
      at next (middleware/analyticsMiddleware.js:295:3)
      at Layer.handleError (node_modules/router/lib/layer.js:116:17)
      at trimPrefix (node_modules/router/index.js:340:13)
      at node_modules/router/index.js:297:9
      at processParams (node_modules/router/index.js:582:12)
      at next (node_modules/router/index.js:291:5)
      at Layer.handleError (node_modules/router/lib/layer.js:111:12)
      at trimPrefix (node_modules/router/index.js:340:13)
      at node_modules/router/index.js:297:9
      at processParams (node_modules/router/index.js:582:12)
      at next (node_modules/router/index.js:291:5)
      at Layer.handleError (node_modules/router/lib/layer.js:111:12)
      at trimPrefix (node_modules/router/index.js:340:13)
      at node_modules/router/index.js:297:9
      at processParams (node_modules/router/index.js:582:12)
      at next (node_modules/router/index.js:291:5)
      at Layer.handleError (node_modules/router/lib/layer.js:111:12)
      at trimPrefix (node_modules/router/index.js:340:13)
      at node_modules/router/index.js:297:9
      at processParams (node_modules/router/index.js:582:12)
      at next (node_modules/router/index.js:291:5)
      at Layer.handleError (node_modules/router/lib/layer.js:111:12)
      at trimPrefix (node_modules/router/index.js:340:13)
      at node_modules/router/index.js:297:9
      at processParams (node_modules/router/index.js:582:12)
      at next (node_modules/router/index.js:291:5)
      at Layer.handleError (node_modules/router/lib/layer.js:111:12)
      at trimPrefix (node_modules/router/index.js:340:13)
      at node_modules/router/index.js:297:9
      at processParams (node_modules/router/index.js:582:12)
      at next (node_modules/router/index.js:291:5)
      at Layer.handleError (node_modules/router/lib/layer.js:111:12)
      at trimPrefix (node_modules/router/index.js:340:13)
      at node_modules/router/index.js:297:9
      at processParams (node_modules/router/index.js:582:12)
      at next (node_modules/router/index.js:291:5)
      at Layer.handleError (node_modules/router/lib/layer.js:111:12)
      at trimPrefix (node_modules/router/index.js:340:13)
      at node_modules/router/index.js:297:9
      at processParams (node_modules/router/index.js:582:12)
      at next (node_modules/router/index.js:291:5)
      at Layer.handleError (node_modules/router/lib/layer.js:111:12)
      at trimPrefix (node_modules/router/index.js:340:13)
      at node_modules/router/index.js:297:9
      at processParams (node_modules/router/index.js:582:12)
      at next (node_modules/router/index.js:291:5)
      at Layer.handleError (node_modules/router/lib/layer.js:111:12)
      at trimPrefix (node_modules/router/index.js:340:13)
      at node_modules/router/index.js:297:9
      at processParams (node_modules/router/index.js:582:12)
      at next (node_modules/router/index.js:291:5)
      at Layer.handleRequest (node_modules/router/lib/layer.js:165:5)
      at trimPrefix (node_modules/router/index.js:342:13)
      at node_modules/router/index.js:297:9
      at processParams (node_modules/router/index.js:582:12)
      at next (node_modules/router/index.js:291:5)
      at read (node_modules/body-parser/lib/read.js:42:5)
      at urlencodedParser (node_modules/body-parser/lib/types/urlencoded.js:57:5)
      at Layer.handleRequest (node_modules/router/lib/layer.js:152:17)
      at trimPrefix (node_modules/router/index.js:342:13)
      at node_modules/router/index.js:297:9
      at processParams (node_modules/router/index.js:582:12)
      at next (node_modules/router/index.js:291:5)
      at node_modules/body-parser/lib/read.js:171:5
      at invokeCallback (node_modules/raw-body/index.js:238:16)
      at done (node_modules/raw-body/index.js:227:7)
      at IncomingMessage.onEnd (node_modules/raw-body/index.js:287:7)

  console.error
    Γ¥î Error: {
      message: 'Cannot set property query of [object Object] which has only a getter',
      status: 500,
      url: '/api/auth/register',
      method: 'POST',
      stack: 'TypeError: Cannot set property query of [object Object] which has only a getter\n' +
        '    at C:\\Users\\ACER\\Documents\\CHENDA\\chenda\\server\\node_modules\\xss-clean\\src\\index.js:10:20\n' +
        '    at Layer.handleRequest (C:\\Users\\ACER\\Documents\\CHENDA\\chenda\\server\\node_modules\\router\\lib\\layer.js:152:17)\n' +
        '    at trimPrefix (C:\\Users\\ACER\\Documents\\CHENDA\\chenda\\server\\node_modules\\router\\index.js:342:13)\n' +
        '    at C:\\Users\\ACER\\Documents\\CHENDA\\chenda\\server\\node_modules\\router\\index.js:297:9\n' +
        '    at processParams (C:\\Users\\ACER\\Documents\\CHENDA\\chenda\\server\\node_modules\\router\\index.js:582:12)\n' +
        '    at next (C:\\Users\\ACER\\Documents\\CHENDA\\chenda\\server\\node_modules\\router\\index.js:291:5)\n' +
        '    at read (C:\\Users\\ACER\\Documents\\CHENDA\\chenda\\server\\node_modules\\body-parser\\lib\\read.js:42:5)\n' +
        '    at urlencodedParser (C:\\Users\\ACER\\Documents\\CHENDA\\chenda\\server\\node_modules\\body-parser\\lib\\types\\urlencoded.js:57:5)\n' +
        '    at Layer.handleRequest (C:\\Users\\ACER\\Documents\\CHENDA\\chenda\\server\\node_modules\\router\\lib\\layer.js:152:17)\n' +
        '    at trimPrefix (C:\\Users\\ACER\\Documents\\CHENDA\\chenda\\server\\node_modules\\router\\index.js:342:13)\n' +
        '    at C:\\Users\\ACER\\Documents\\CHENDA\\chenda\\server\\node_modules\\router\\index.js:297:9\n' +
        '    at processParams (C:\\Users\\ACER\\Documents\\CHENDA\\chenda\\server\\node_modules\\router\\index.js:582:12)\n' +
        '    at next (C:\\Users\\ACER\\Documents\\CHENDA\\chenda\\server\\node_modules\\router\\index.js:291:5)\n' +
        '    at C:\\Users\\ACER\\Documents\\CHENDA\\chenda\\server\\node_modules\\body-parser\\lib\\read.js:171:5\n' +
        '    at AsyncResource.runInAsyncScope (node:async_hooks:211:14)\n' +
        '    at invokeCallback (C:\\Users\\ACER\\Documents\\CHENDA\\chenda\\server\\node_modules\\raw-body\\index.js:238:16)\n' +
        '    at done (C:\\Users\\ACER\\Documents\\CHENDA\\chenda\\server\\node_modules\\raw-body\\index.js:227:7)\n' +
        '    at IncomingMessage.onEnd (C:\\Users\\ACER\\Documents\\CHENDA\\chenda\\server\\node_modules\\raw-body\\index.js:287:7)\n' +
        '    at IncomingMessage.emit (node:events:513:28)\n' +
        '    at endReadableNT (node:internal/streams/readable:1696:12)\n' +
        '    at processTicksAndRejections (node:internal/process/task_queues:90:21)'
    }

    [0m [90m 28 |[39m   
     [90m 29 |[39m   [90m// Log error[39m
    [31m[1m>[22m[39m[90m 30 |[39m   console[33m.[39merror([32m'Γ¥î Error:'[39m[33m,[39m {
     [90m    |[39m           [31m[1m^[22m[39m
     [90m 31 |[39m     message[33m:[39m err[33m.[39mmessage[33m,[39m
     [90m 32 |[39m     status[33m:[39m statusCode[33m,[39m
     [90m 33 |[39m     url[33m:[39m req[33m.[39moriginalUrl[33m,[39m[0m

      at error (middleware/errorHandler.js:30:11)
      at Layer.handleError (node_modules/router/lib/layer.js:116:17)
      at trimPrefix (node_modules/router/index.js:340:13)
      at node_modules/router/index.js:297:9
      at processParams (node_modules/router/index.js:582:12)
      at next (node_modules/router/index.js:291:5)
      at next (middleware/analyticsMiddleware.js:295:3)
      at Layer.handleError (node_modules/router/lib/layer.js:116:17)
      at trimPrefix (node_modules/router/index.js:340:13)
      at node_modules/router/index.js:297:9
      at processParams (node_modules/router/index.js:582:12)
      at next (node_modules/router/index.js:291:5)
      at Layer.handleError (node_modules/router/lib/layer.js:111:12)
      at trimPrefix (node_modules/router/index.js:340:13)
      at node_modules/router/index.js:297:9
      at processParams (node_modules/router/index.js:582:12)
      at next (node_modules/router/index.js:291:5)
      at Layer.handleError (node_modules/router/lib/layer.js:111:12)
      at trimPrefix (node_modules/router/index.js:340:13)
      at node_modules/router/index.js:297:9
      at processParams (node_modules/router/index.js:582:12)
      at next (node_modules/router/index.js:291:5)
      at Layer.handleError (node_modules/router/lib/layer.js:111:12)
      at trimPrefix (node_modules/router/index.js:340:13)
      at node_modules/router/index.js:297:9
      at processParams (node_modules/router/index.js:582:12)
      at next (node_modules/router/index.js:291:5)
      at Layer.handleError (node_modules/router/lib/layer.js:111:12)
      at trimPrefix (node_modules/router/index.js:340:13)
      at node_modules/router/index.js:297:9
      at processParams (node_modules/router/index.js:582:12)
      at next (node_modules/router/index.js:291:5)
      at Layer.handleError (node_modules/router/lib/layer.js:111:12)
      at trimPrefix (node_modules/router/index.js:340:13)
      at node_modules/router/index.js:297:9
      at processParams (node_modules/router/index.js:582:12)
      at next (node_modules/router/index.js:291:5)
      at Layer.handleError (node_modules/router/lib/layer.js:111:12)
      at trimPrefix (node_modules/router/index.js:340:13)
      at node_modules/router/index.js:297:9
      at processParams (node_modules/router/index.js:582:12)
      at next (node_modules/router/index.js:291:5)
      at Layer.handleError (node_modules/router/lib/layer.js:111:12)
      at trimPrefix (node_modules/router/index.js:340:13)
      at node_modules/router/index.js:297:9
      at processParams (node_modules/router/index.js:582:12)
      at next (node_modules/router/index.js:291:5)
      at Layer.handleError (node_modules/router/lib/layer.js:111:12)
      at trimPrefix (node_modules/router/index.js:340:13)
      at node_modules/router/index.js:297:9
      at processParams (node_modules/router/index.js:582:12)
      at next (node_modules/router/index.js:291:5)
      at Layer.handleError (node_modules/router/lib/layer.js:111:12)
      at trimPrefix (node_modules/router/index.js:340:13)
      at node_modules/router/index.js:297:9
      at processParams (node_modules/router/index.js:582:12)
      at next (node_modules/router/index.js:291:5)
      at Layer.handleRequest (node_modules/router/lib/layer.js:165:5)
      at trimPrefix (node_modules/router/index.js:342:13)
      at node_modules/router/index.js:297:9
      at processParams (node_modules/router/index.js:582:12)
      at next (node_modules/router/index.js:291:5)
      at read (node_modules/body-parser/lib/read.js:42:5)
      at urlencodedParser (node_modules/body-parser/lib/types/urlencoded.js:57:5)
      at Layer.handleRequest (node_modules/router/lib/layer.js:152:17)
      at trimPrefix (node_modules/router/index.js:342:13)
      at node_modules/router/index.js:297:9
      at processParams (node_modules/router/index.js:582:12)
      at next (node_modules/router/index.js:291:5)
      at node_modules/body-parser/lib/read.js:171:5
      at invokeCallback (node_modules/raw-body/index.js:238:16)
      at done (node_modules/raw-body/index.js:227:7)
      at IncomingMessage.onEnd (node_modules/raw-body/index.js:287:7)

  console.error
    Γ¥î Error: {
      message: 'Cannot set property query of [object Object] which has only a getter',
      status: 500,
      url: '/api/auth/register',
      method: 'POST',
      stack: 'TypeError: Cannot set property query of [object Object] which has only a getter\n' +
        '    at C:\\Users\\ACER\\Documents\\CHENDA\\chenda\\server\\node_modules\\xss-clean\\src\\index.js:10:20\n' +
        '    at Layer.handleRequest (C:\\Users\\ACER\\Documents\\CHENDA\\chenda\\server\\node_modules\\router\\lib\\layer.js:152:17)\n' +
        '    at trimPrefix (C:\\Users\\ACER\\Documents\\CHENDA\\chenda\\server\\node_modules\\router\\index.js:342:13)\n' +
        '    at C:\\Users\\ACER\\Documents\\CHENDA\\chenda\\server\\node_modules\\router\\index.js:297:9\n' +
        '    at processParams (C:\\Users\\ACER\\Documents\\CHENDA\\chenda\\server\\node_modules\\router\\index.js:582:12)\n' +
        '    at next (C:\\Users\\ACER\\Documents\\CHENDA\\chenda\\server\\node_modules\\router\\index.js:291:5)\n' +
        '    at read (C:\\Users\\ACER\\Documents\\CHENDA\\chenda\\server\\node_modules\\body-parser\\lib\\read.js:42:5)\n' +
        '    at urlencodedParser (C:\\Users\\ACER\\Documents\\CHENDA\\chenda\\server\\node_modules\\body-parser\\lib\\types\\urlencoded.js:57:5)\n' +
        '    at Layer.handleRequest (C:\\Users\\ACER\\Documents\\CHENDA\\chenda\\server\\node_modules\\router\\lib\\layer.js:152:17)\n' +
        '    at trimPrefix (C:\\Users\\ACER\\Documents\\CHENDA\\chenda\\server\\node_modules\\router\\index.js:342:13)\n' +
        '    at C:\\Users\\ACER\\Documents\\CHENDA\\chenda\\server\\node_modules\\router\\index.js:297:9\n' +
        '    at processParams (C:\\Users\\ACER\\Documents\\CHENDA\\chenda\\server\\node_modules\\router\\index.js:582:12)\n' +
        '    at next (C:\\Users\\ACER\\Documents\\CHENDA\\chenda\\server\\node_modules\\router\\index.js:291:5)\n' +
        '    at C:\\Users\\ACER\\Documents\\CHENDA\\chenda\\server\\node_modules\\body-parser\\lib\\read.js:171:5\n' +
        '    at AsyncResource.runInAsyncScope (node:async_hooks:211:14)\n' +
        '    at invokeCallback (C:\\Users\\ACER\\Documents\\CHENDA\\chenda\\server\\node_modules\\raw-body\\index.js:238:16)\n' +
        '    at done (C:\\Users\\ACER\\Documents\\CHENDA\\chenda\\server\\node_modules\\raw-body\\index.js:227:7)\n' +
        '    at IncomingMessage.onEnd (C:\\Users\\ACER\\Documents\\CHENDA\\chenda\\server\\node_modules\\raw-body\\index.js:287:7)\n' +
        '    at IncomingMessage.emit (node:events:513:28)\n' +
        '    at endReadableNT (node:internal/streams/readable:1696:12)\n' +
        '    at processTicksAndRejections (node:internal/process/task_queues:90:21)'
    }

    [0m [90m 28 |[39m   
     [90m 29 |[39m   [90m// Log error[39m
    [31m[1m>[22m[39m[90m 30 |[39m   console[33m.[39merror([32m'Γ¥î Error:'[39m[33m,[39m {
     [90m    |[39m           [31m[1m^[22m[39m
     [90m 31 |[39m     message[33m:[39m err[33m.[39mmessage[33m,[39m
     [90m 32 |[39m     status[33m:[39m statusCode[33m,[39m
     [90m 33 |[39m     url[33m:[39m req[33m.[39moriginalUrl[33m,[39m[0m

      at error (middleware/errorHandler.js:30:11)
      at Layer.handleError (node_modules/router/lib/layer.js:116:17)
      at trimPrefix (node_modules/router/index.js:340:13)
      at node_modules/router/index.js:297:9
      at processParams (node_modules/router/index.js:582:12)
      at next (node_modules/router/index.js:291:5)
      at next (middleware/analyticsMiddleware.js:295:3)
      at Layer.handleError (node_modules/router/lib/layer.js:116:17)
      at trimPrefix (node_modules/router/index.js:340:13)
      at node_modules/router/index.js:297:9
      at processParams (node_modules/router/index.js:582:12)
      at next (node_modules/router/index.js:291:5)
      at Layer.handleError (node_modules/router/lib/layer.js:111:12)
      at trimPrefix (node_modules/router/index.js:340:13)
      at node_modules/router/index.js:297:9
      at processParams (node_modules/router/index.js:582:12)
      at next (node_modules/router/index.js:291:5)
      at Layer.handleError (node_modules/router/lib/layer.js:111:12)
      at trimPrefix (node_modules/router/index.js:340:13)
      at node_modules/router/index.js:297:9
      at processParams (node_modules/router/index.js:582:12)
      at next (node_modules/router/index.js:291:5)
      at Layer.handleError (node_modules/router/lib/layer.js:111:12)
      at trimPrefix (node_modules/router/index.js:340:13)
      at node_modules/router/index.js:297:9
      at processParams (node_modules/router/index.js:582:12)
      at next (node_modules/router/index.js:291:5)
      at Layer.handleError (node_modules/router/lib/layer.js:111:12)
      at trimPrefix (node_modules/router/index.js:340:13)
      at node_modules/router/index.js:297:9
      at processParams (node_modules/router/index.js:582:12)
      at next (node_modules/router/index.js:291:5)
      at Layer.handleError (node_modules/router/lib/layer.js:111:12)
      at trimPrefix (node_modules/router/index.js:340:13)
      at node_modules/router/index.js:297:9
      at processParams (node_modules/router/index.js:582:12)
      at next (node_modules/router/index.js:291:5)
      at Layer.handleError (node_modules/router/lib/layer.js:111:12)
      at trimPrefix (node_modules/router/index.js:340:13)
      at node_modules/router/index.js:297:9
      at processParams (node_modules/router/index.js:582:12)
      at next (node_modules/router/index.js:291:5)
      at Layer.handleError (node_modules/router/lib/layer.js:111:12)
      at trimPrefix (node_modules/router/index.js:340:13)
      at node_modules/router/index.js:297:9
      at processParams (node_modules/router/index.js:582:12)
      at next (node_modules/router/index.js:291:5)
      at Layer.handleError (node_modules/router/lib/layer.js:111:12)
      at trimPrefix (node_modules/router/index.js:340:13)
      at node_modules/router/index.js:297:9
      at processParams (node_modules/router/index.js:582:12)
      at next (node_modules/router/index.js:291:5)
      at Layer.handleError (node_modules/router/lib/layer.js:111:12)
      at trimPrefix (node_modules/router/index.js:340:13)
      at node_modules/router/index.js:297:9
      at processParams (node_modules/router/index.js:582:12)
      at next (node_modules/router/index.js:291:5)
      at Layer.handleRequest (node_modules/router/lib/layer.js:165:5)
      at trimPrefix (node_modules/router/index.js:342:13)
      at node_modules/router/index.js:297:9
      at processParams (node_modules/router/index.js:582:12)
      at next (node_modules/router/index.js:291:5)
      at read (node_modules/body-parser/lib/read.js:42:5)
      at urlencodedParser (node_modules/body-parser/lib/types/urlencoded.js:57:5)
      at Layer.handleRequest (node_modules/router/lib/layer.js:152:17)
      at trimPrefix (node_modules/router/index.js:342:13)
      at node_modules/router/index.js:297:9
      at processParams (node_modules/router/index.js:582:12)
      at next (node_modules/router/index.js:291:5)
      at node_modules/body-parser/lib/read.js:171:5
      at invokeCallback (node_modules/raw-body/index.js:238:16)
      at done (node_modules/raw-body/index.js:227:7)
      at IncomingMessage.onEnd (node_modules/raw-body/index.js:287:7)

  console.error
    Γ¥î Error: {
      message: 'Cannot set property query of [object Object] which has only a getter',
      status: 500,
      url: '/api/auth/register',
      method: 'POST',
      stack: 'TypeError: Cannot set property query of [object Object] which has only a getter\n' +
        '    at C:\\Users\\ACER\\Documents\\CHENDA\\chenda\\server\\node_modules\\xss-clean\\src\\index.js:10:20\n' +
        '    at Layer.handleRequest (C:\\Users\\ACER\\Documents\\CHENDA\\chenda\\server\\node_modules\\router\\lib\\layer.js:152:17)\n' +
        '    at trimPrefix (C:\\Users\\ACER\\Documents\\CHENDA\\chenda\\server\\node_modules\\router\\index.js:342:13)\n' +
        '    at C:\\Users\\ACER\\Documents\\CHENDA\\chenda\\server\\node_modules\\router\\index.js:297:9\n' +
        '    at processParams (C:\\Users\\ACER\\Documents\\CHENDA\\chenda\\server\\node_modules\\router\\index.js:582:12)\n' +
        '    at next (C:\\Users\\ACER\\Documents\\CHENDA\\chenda\\server\\node_modules\\router\\index.js:291:5)\n' +
        '    at read (C:\\Users\\ACER\\Documents\\CHENDA\\chenda\\server\\node_modules\\body-parser\\lib\\read.js:42:5)\n' +
        '    at urlencodedParser (C:\\Users\\ACER\\Documents\\CHENDA\\chenda\\server\\node_modules\\body-parser\\lib\\types\\urlencoded.js:57:5)\n' +
        '    at Layer.handleRequest (C:\\Users\\ACER\\Documents\\CHENDA\\chenda\\server\\node_modules\\router\\lib\\layer.js:152:17)\n' +
        '    at trimPrefix (C:\\Users\\ACER\\Documents\\CHENDA\\chenda\\server\\node_modules\\router\\index.js:342:13)\n' +
        '    at C:\\Users\\ACER\\Documents\\CHENDA\\chenda\\server\\node_modules\\router\\index.js:297:9\n' +
        '    at processParams (C:\\Users\\ACER\\Documents\\CHENDA\\chenda\\server\\node_modules\\router\\index.js:582:12)\n' +
        '    at next (C:\\Users\\ACER\\Documents\\CHENDA\\chenda\\server\\node_modules\\router\\index.js:291:5)\n' +
        '    at C:\\Users\\ACER\\Documents\\CHENDA\\chenda\\server\\node_modules\\body-parser\\lib\\read.js:171:5\n' +
        '    at AsyncResource.runInAsyncScope (node:async_hooks:211:14)\n' +
        '    at invokeCallback (C:\\Users\\ACER\\Documents\\CHENDA\\chenda\\server\\node_modules\\raw-body\\index.js:238:16)\n' +
        '    at done (C:\\Users\\ACER\\Documents\\CHENDA\\chenda\\server\\node_modules\\raw-body\\index.js:227:7)\n' +
        '    at IncomingMessage.onEnd (C:\\Users\\ACER\\Documents\\CHENDA\\chenda\\server\\node_modules\\raw-body\\index.js:287:7)\n' +
        '    at IncomingMessage.emit (node:events:513:28)\n' +
        '    at endReadableNT (node:internal/streams/readable:1696:12)\n' +
        '    at processTicksAndRejections (node:internal/process/task_queues:90:21)'
    }

    [0m [90m 28 |[39m   
     [90m 29 |[39m   [90m// Log error[39m
    [31m[1m>[22m[39m[90m 30 |[39m   console[33m.[39merror([32m'Γ¥î Error:'[39m[33m,[39m {
     [90m    |[39m           [31m[1m^[22m[39m
     [90m 31 |[39m     message[33m:[39m err[33m.[39mmessage[33m,[39m
     [90m 32 |[39m     status[33m:[39m statusCode[33m,[39m
     [90m 33 |[39m     url[33m:[39m req[33m.[39moriginalUrl[33m,[39m[0m

      at error (middleware/errorHandler.js:30:11)
      at Layer.handleError (node_modules/router/lib/layer.js:116:17)
      at trimPrefix (node_modules/router/index.js:340:13)
      at node_modules/router/index.js:297:9
      at processParams (node_modules/router/index.js:582:12)
      at next (node_modules/router/index.js:291:5)
      at next (middleware/analyticsMiddleware.js:295:3)
      at Layer.handleError (node_modules/router/lib/layer.js:116:17)
      at trimPrefix (node_modules/router/index.js:340:13)
      at node_modules/router/index.js:297:9
      at processParams (node_modules/router/index.js:582:12)
      at next (node_modules/router/index.js:291:5)
      at Layer.handleError (node_modules/router/lib/layer.js:111:12)
      at trimPrefix (node_modules/router/index.js:340:13)
      at node_modules/router/index.js:297:9
      at processParams (node_modules/router/index.js:582:12)
      at next (node_modules/router/index.js:291:5)
      at Layer.handleError (node_modules/router/lib/layer.js:111:12)
      at trimPrefix (node_modules/router/index.js:340:13)
      at node_modules/router/index.js:297:9
      at processParams (node_modules/router/index.js:582:12)
      at next (node_modules/router/index.js:291:5)
      at Layer.handleError (node_modules/router/lib/layer.js:111:12)
      at trimPrefix (node_modules/router/index.js:340:13)
      at node_modules/router/index.js:297:9
      at processParams (node_modules/router/index.js:582:12)
      at next (node_modules/router/index.js:291:5)
      at Layer.handleError (node_modules/router/lib/layer.js:111:12)
      at trimPrefix (node_modules/router/index.js:340:13)
      at node_modules/router/index.js:297:9
      at processParams (node_modules/router/index.js:582:12)
      at next (node_modules/router/index.js:291:5)
      at Layer.handleError (node_modules/router/lib/layer.js:111:12)
      at trimPrefix (node_modules/router/index.js:340:13)
      at node_modules/router/index.js:297:9
      at processParams (node_modules/router/index.js:582:12)
      at next (node_modules/router/index.js:291:5)
      at Layer.handleError (node_modules/router/lib/layer.js:111:12)
      at trimPrefix (node_modules/router/index.js:340:13)
      at node_modules/router/index.js:297:9
      at processParams (node_modules/router/index.js:582:12)
      at next (node_modules/router/index.js:291:5)
      at Layer.handleError (node_modules/router/lib/layer.js:111:12)
      at trimPrefix (node_modules/router/index.js:340:13)
      at node_modules/router/index.js:297:9
      at processParams (node_modules/router/index.js:582:12)
      at next (node_modules/router/index.js:291:5)
      at Layer.handleError (node_modules/router/lib/layer.js:111:12)
      at trimPrefix (node_modules/router/index.js:340:13)
      at node_modules/router/index.js:297:9
      at processParams (node_modules/router/index.js:582:12)
      at next (node_modules/router/index.js:291:5)
      at Layer.handleError (node_modules/router/lib/layer.js:111:12)
      at trimPrefix (node_modules/router/index.js:340:13)
      at node_modules/router/index.js:297:9
      at processParams (node_modules/router/index.js:582:12)
      at next (node_modules/router/index.js:291:5)
      at Layer.handleRequest (node_modules/router/lib/layer.js:165:5)
      at trimPrefix (node_modules/router/index.js:342:13)
      at node_modules/router/index.js:297:9
      at processParams (node_modules/router/index.js:582:12)
      at next (node_modules/router/index.js:291:5)
      at read (node_modules/body-parser/lib/read.js:42:5)
      at urlencodedParser (node_modules/body-parser/lib/types/urlencoded.js:57:5)
      at Layer.handleRequest (node_modules/router/lib/layer.js:152:17)
      at trimPrefix (node_modules/router/index.js:342:13)
      at node_modules/router/index.js:297:9
      at processParams (node_modules/router/index.js:582:12)
      at next (node_modules/router/index.js:291:5)
      at node_modules/body-parser/lib/read.js:171:5
      at invokeCallback (node_modules/raw-body/index.js:238:16)
      at done (node_modules/raw-body/index.js:227:7)
      at IncomingMessage.onEnd (node_modules/raw-body/index.js:287:7)

  console.error
    Γ¥î Error: {
      message: 'Cannot set property query of [object Object] which has only a getter',
      status: 500,
      url: '/api/auth/register',
      method: 'POST',
      stack: 'TypeError: Cannot set property query of [object Object] which has only a getter\n' +
        '    at C:\\Users\\ACER\\Documents\\CHENDA\\chenda\\server\\node_modules\\xss-clean\\src\\index.js:10:20\n' +
        '    at Layer.handleRequest (C:\\Users\\ACER\\Documents\\CHENDA\\chenda\\server\\node_modules\\router\\lib\\layer.js:152:17)\n' +
        '    at trimPrefix (C:\\Users\\ACER\\Documents\\CHENDA\\chenda\\server\\node_modules\\router\\index.js:342:13)\n' +
        '    at C:\\Users\\ACER\\Documents\\CHENDA\\chenda\\server\\node_modules\\router\\index.js:297:9\n' +
        '    at processParams (C:\\Users\\ACER\\Documents\\CHENDA\\chenda\\server\\node_modules\\router\\index.js:582:12)\n' +
        '    at next (C:\\Users\\ACER\\Documents\\CHENDA\\chenda\\server\\node_modules\\router\\index.js:291:5)\n' +
        '    at read (C:\\Users\\ACER\\Documents\\CHENDA\\chenda\\server\\node_modules\\body-parser\\lib\\read.js:42:5)\n' +
        '    at urlencodedParser (C:\\Users\\ACER\\Documents\\CHENDA\\chenda\\server\\node_modules\\body-parser\\lib\\types\\urlencoded.js:57:5)\n' +
        '    at Layer.handleRequest (C:\\Users\\ACER\\Documents\\CHENDA\\chenda\\server\\node_modules\\router\\lib\\layer.js:152:17)\n' +
        '    at trimPrefix (C:\\Users\\ACER\\Documents\\CHENDA\\chenda\\server\\node_modules\\router\\index.js:342:13)\n' +
        '    at C:\\Users\\ACER\\Documents\\CHENDA\\chenda\\server\\node_modules\\router\\index.js:297:9\n' +
        '    at processParams (C:\\Users\\ACER\\Documents\\CHENDA\\chenda\\server\\node_modules\\router\\index.js:582:12)\n' +
        '    at next (C:\\Users\\ACER\\Documents\\CHENDA\\chenda\\server\\node_modules\\router\\index.js:291:5)\n' +
        '    at C:\\Users\\ACER\\Documents\\CHENDA\\chenda\\server\\node_modules\\body-parser\\lib\\read.js:171:5\n' +
        '    at AsyncResource.runInAsyncScope (node:async_hooks:211:14)\n' +
        '    at invokeCallback (C:\\Users\\ACER\\Documents\\CHENDA\\chenda\\server\\node_modules\\raw-body\\index.js:238:16)\n' +
        '    at done (C:\\Users\\ACER\\Documents\\CHENDA\\chenda\\server\\node_modules\\raw-body\\index.js:227:7)\n' +
        '    at IncomingMessage.onEnd (C:\\Users\\ACER\\Documents\\CHENDA\\chenda\\server\\node_modules\\raw-body\\index.js:287:7)\n' +
        '    at IncomingMessage.emit (node:events:513:28)\n' +
        '    at endReadableNT (node:internal/streams/readable:1696:12)\n' +
        '    at processTicksAndRejections (node:internal/process/task_queues:90:21)'
    }

    [0m [90m 28 |[39m   
     [90m 29 |[39m   [90m// Log error[39m
    [31m[1m>[22m[39m[90m 30 |[39m   console[33m.[39merror([32m'Γ¥î Error:'[39m[33m,[39m {
     [90m    |[39m           [31m[1m^[22m[39m
     [90m 31 |[39m     message[33m:[39m err[33m.[39mmessage[33m,[39m
     [90m 32 |[39m     status[33m:[39m statusCode[33m,[39m
     [90m 33 |[39m     url[33m:[39m req[33m.[39moriginalUrl[33m,[39m[0m

      at error (middleware/errorHandler.js:30:11)
      at Layer.handleError (node_modules/router/lib/layer.js:116:17)
      at trimPrefix (node_modules/router/index.js:340:13)
      at node_modules/router/index.js:297:9
      at processParams (node_modules/router/index.js:582:12)
      at next (node_modules/router/index.js:291:5)
      at next (middleware/analyticsMiddleware.js:295:3)
      at Layer.handleError (node_modules/router/lib/layer.js:116:17)
      at trimPrefix (node_modules/router/index.js:340:13)
      at node_modules/router/index.js:297:9
      at processParams (node_modules/router/index.js:582:12)
      at next (node_modules/router/index.js:291:5)
      at Layer.handleError (node_modules/router/lib/layer.js:111:12)
      at trimPrefix (node_modules/router/index.js:340:13)
      at node_modules/router/index.js:297:9
      at processParams (node_modules/router/index.js:582:12)
      at next (node_modules/router/index.js:291:5)
      at Layer.handleError (node_modules/router/lib/layer.js:111:12)
      at trimPrefix (node_modules/router/index.js:340:13)
      at node_modules/router/index.js:297:9
      at processParams (node_modules/router/index.js:582:12)
      at next (node_modules/router/index.js:291:5)
      at Layer.handleError (node_modules/router/lib/layer.js:111:12)
      at trimPrefix (node_modules/router/index.js:340:13)
      at node_modules/router/index.js:297:9
      at processParams (node_modules/router/index.js:582:12)
      at next (node_modules/router/index.js:291:5)
      at Layer.handleError (node_modules/router/lib/layer.js:111:12)
      at trimPrefix (node_modules/router/index.js:340:13)
      at node_modules/router/index.js:297:9
      at processParams (node_modules/router/index.js:582:12)
      at next (node_modules/router/index.js:291:5)
      at Layer.handleError (node_modules/router/lib/layer.js:111:12)
      at trimPrefix (node_modules/router/index.js:340:13)
      at node_modules/router/index.js:297:9
      at processParams (node_modules/router/index.js:582:12)
      at next (node_modules/router/index.js:291:5)
      at Layer.handleError (node_modules/router/lib/layer.js:111:12)
      at trimPrefix (node_modules/router/index.js:340:13)
      at node_modules/router/index.js:297:9
      at processParams (node_modules/router/index.js:582:12)
      at next (node_modules/router/index.js:291:5)
      at Layer.handleError (node_modules/router/lib/layer.js:111:12)
      at trimPrefix (node_modules/router/index.js:340:13)
      at node_modules/router/index.js:297:9
      at processParams (node_modules/router/index.js:582:12)
      at next (node_modules/router/index.js:291:5)
      at Layer.handleError (node_modules/router/lib/layer.js:111:12)
      at trimPrefix (node_modules/router/index.js:340:13)
      at node_modules/router/index.js:297:9
      at processParams (node_modules/router/index.js:582:12)
      at next (node_modules/router/index.js:291:5)
      at Layer.handleError (node_modules/router/lib/layer.js:111:12)
      at trimPrefix (node_modules/router/index.js:340:13)
      at node_modules/router/index.js:297:9
      at processParams (node_modules/router/index.js:582:12)
      at next (node_modules/router/index.js:291:5)
      at Layer.handleRequest (node_modules/router/lib/layer.js:165:5)
      at trimPrefix (node_modules/router/index.js:342:13)
      at node_modules/router/index.js:297:9
      at processParams (node_modules/router/index.js:582:12)
      at next (node_modules/router/index.js:291:5)
      at read (node_modules/body-parser/lib/read.js:42:5)
      at urlencodedParser (node_modules/body-parser/lib/types/urlencoded.js:57:5)
      at Layer.handleRequest (node_modules/router/lib/layer.js:152:17)
      at trimPrefix (node_modules/router/index.js:342:13)
      at node_modules/router/index.js:297:9
      at processParams (node_modules/router/index.js:582:12)
      at next (node_modules/router/index.js:291:5)
      at node_modules/body-parser/lib/read.js:171:5
      at invokeCallback (node_modules/raw-body/index.js:238:16)
      at done (node_modules/raw-body/index.js:227:7)
      at IncomingMessage.onEnd (node_modules/raw-body/index.js:287:7)

  console.error
    Γ¥î Error: {
      message: 'Cannot set property query of [object Object] which has only a getter',
      status: 500,
      url: '/api/auth/register',
      method: 'POST',
      stack: 'TypeError: Cannot set property query of [object Object] which has only a getter\n' +
        '    at C:\\Users\\ACER\\Documents\\CHENDA\\chenda\\server\\node_modules\\xss-clean\\src\\index.js:10:20\n' +
        '    at Layer.handleRequest (C:\\Users\\ACER\\Documents\\CHENDA\\chenda\\server\\node_modules\\router\\lib\\layer.js:152:17)\n' +
        '    at trimPrefix (C:\\Users\\ACER\\Documents\\CHENDA\\chenda\\server\\node_modules\\router\\index.js:342:13)\n' +
        '    at C:\\Users\\ACER\\Documents\\CHENDA\\chenda\\server\\node_modules\\router\\index.js:297:9\n' +
        '    at processParams (C:\\Users\\ACER\\Documents\\CHENDA\\chenda\\server\\node_modules\\router\\index.js:582:12)\n' +
        '    at next (C:\\Users\\ACER\\Documents\\CHENDA\\chenda\\server\\node_modules\\router\\index.js:291:5)\n' +
        '    at read (C:\\Users\\ACER\\Documents\\CHENDA\\chenda\\server\\node_modules\\body-parser\\lib\\read.js:42:5)\n' +
        '    at urlencodedParser (C:\\Users\\ACER\\Documents\\CHENDA\\chenda\\server\\node_modules\\body-parser\\lib\\types\\urlencoded.js:57:5)\n' +
        '    at Layer.handleRequest (C:\\Users\\ACER\\Documents\\CHENDA\\chenda\\server\\node_modules\\router\\lib\\layer.js:152:17)\n' +
        '    at trimPrefix (C:\\Users\\ACER\\Documents\\CHENDA\\chenda\\server\\node_modules\\router\\index.js:342:13)\n' +
        '    at C:\\Users\\ACER\\Documents\\CHENDA\\chenda\\server\\node_modules\\router\\index.js:297:9\n' +
        '    at processParams (C:\\Users\\ACER\\Documents\\CHENDA\\chenda\\server\\node_modules\\router\\index.js:582:12)\n' +
        '    at next (C:\\Users\\ACER\\Documents\\CHENDA\\chenda\\server\\node_modules\\router\\index.js:291:5)\n' +
        '    at C:\\Users\\ACER\\Documents\\CHENDA\\chenda\\server\\node_modules\\body-parser\\lib\\read.js:171:5\n' +
        '    at AsyncResource.runInAsyncScope (node:async_hooks:211:14)\n' +
        '    at invokeCallback (C:\\Users\\ACER\\Documents\\CHENDA\\chenda\\server\\node_modules\\raw-body\\index.js:238:16)\n' +
        '    at done (C:\\Users\\ACER\\Documents\\CHENDA\\chenda\\server\\node_modules\\raw-body\\index.js:227:7)\n' +
        '    at IncomingMessage.onEnd (C:\\Users\\ACER\\Documents\\CHENDA\\chenda\\server\\node_modules\\raw-body\\index.js:287:7)\n' +
        '    at IncomingMessage.emit (node:events:513:28)\n' +
        '    at endReadableNT (node:internal/streams/readable:1696:12)\n' +
        '    at processTicksAndRejections (node:internal/process/task_queues:90:21)'
    }

    [0m [90m 28 |[39m   
     [90m 29 |[39m   [90m// Log error[39m
    [31m[1m>[22m[39m[90m 30 |[39m   console[33m.[39merror([32m'Γ¥î Error:'[39m[33m,[39m {
     [90m    |[39m           [31m[1m^[22m[39m
     [90m 31 |[39m     message[33m:[39m err[33m.[39mmessage[33m,[39m
     [90m 32 |[39m     status[33m:[39m statusCode[33m,[39m
     [90m 33 |[39m     url[33m:[39m req[33m.[39moriginalUrl[33m,[39m[0m

      at error (middleware/errorHandler.js:30:11)
      at Layer.handleError (node_modules/router/lib/layer.js:116:17)
      at trimPrefix (node_modules/router/index.js:340:13)
      at node_modules/router/index.js:297:9
      at processParams (node_modules/router/index.js:582:12)
      at next (node_modules/router/index.js:291:5)
      at next (middleware/analyticsMiddleware.js:295:3)
      at Layer.handleError (node_modules/router/lib/layer.js:116:17)
      at trimPrefix (node_modules/router/index.js:340:13)
      at node_modules/router/index.js:297:9
      at processParams (node_modules/router/index.js:582:12)
      at next (node_modules/router/index.js:291:5)
      at Layer.handleError (node_modules/router/lib/layer.js:111:12)
      at trimPrefix (node_modules/router/index.js:340:13)
      at node_modules/router/index.js:297:9
      at processParams (node_modules/router/index.js:582:12)
      at next (node_modules/router/index.js:291:5)
      at Layer.handleError (node_modules/router/lib/layer.js:111:12)
      at trimPrefix (node_modules/router/index.js:340:13)
      at node_modules/router/index.js:297:9
      at processParams (node_modules/router/index.js:582:12)
      at next (node_modules/router/index.js:291:5)
      at Layer.handleError (node_modules/router/lib/layer.js:111:12)
      at trimPrefix (node_modules/router/index.js:340:13)
      at node_modules/router/index.js:297:9
      at processParams (node_modules/router/index.js:582:12)
      at next (node_modules/router/index.js:291:5)
      at Layer.handleError (node_modules/router/lib/layer.js:111:12)
      at trimPrefix (node_modules/router/index.js:340:13)
      at node_modules/router/index.js:297:9
      at processParams (node_modules/router/index.js:582:12)
      at next (node_modules/router/index.js:291:5)
      at Layer.handleError (node_modules/router/lib/layer.js:111:12)
      at trimPrefix (node_modules/router/index.js:340:13)
      at node_modules/router/index.js:297:9
      at processParams (node_modules/router/index.js:582:12)
      at next (node_modules/router/index.js:291:5)
      at Layer.handleError (node_modules/router/lib/layer.js:111:12)
      at trimPrefix (node_modules/router/index.js:340:13)
      at node_modules/router/index.js:297:9
      at processParams (node_modules/router/index.js:582:12)
      at next (node_modules/router/index.js:291:5)
      at Layer.handleError (node_modules/router/lib/layer.js:111:12)
      at trimPrefix (node_modules/router/index.js:340:13)
      at node_modules/router/index.js:297:9
      at processParams (node_modules/router/index.js:582:12)
      at next (node_modules/router/index.js:291:5)
      at Layer.handleError (node_modules/router/lib/layer.js:111:12)
      at trimPrefix (node_modules/router/index.js:340:13)
      at node_modules/router/index.js:297:9
      at processParams (node_modules/router/index.js:582:12)
      at next (node_modules/router/index.js:291:5)
      at Layer.handleError (node_modules/router/lib/layer.js:111:12)
      at trimPrefix (node_modules/router/index.js:340:13)
      at node_modules/router/index.js:297:9
      at processParams (node_modules/router/index.js:582:12)
      at next (node_modules/router/index.js:291:5)
      at Layer.handleRequest (node_modules/router/lib/layer.js:165:5)
      at trimPrefix (node_modules/router/index.js:342:13)
      at node_modules/router/index.js:297:9
      at processParams (node_modules/router/index.js:582:12)
      at next (node_modules/router/index.js:291:5)
      at read (node_modules/body-parser/lib/read.js:42:5)
      at urlencodedParser (node_modules/body-parser/lib/types/urlencoded.js:57:5)
      at Layer.handleRequest (node_modules/router/lib/layer.js:152:17)
      at trimPrefix (node_modules/router/index.js:342:13)
      at node_modules/router/index.js:297:9
      at processParams (node_modules/router/index.js:582:12)
      at next (node_modules/router/index.js:291:5)
      at node_modules/body-parser/lib/read.js:171:5
      at invokeCallback (node_modules/raw-body/index.js:238:16)
      at done (node_modules/raw-body/index.js:227:7)
      at IncomingMessage.onEnd (node_modules/raw-body/index.js:287:7)

  console.error
    Γ¥î Error: {
      message: 'Cannot set property query of [object Object] which has only a getter',
      status: 500,
      url: '/api/auth/register',
      method: 'POST',
      stack: 'TypeError: Cannot set property query of [object Object] which has only a getter\n' +
        '    at C:\\Users\\ACER\\Documents\\CHENDA\\chenda\\server\\node_modules\\xss-clean\\src\\index.js:10:20\n' +
        '    at Layer.handleRequest (C:\\Users\\ACER\\Documents\\CHENDA\\chenda\\server\\node_modules\\router\\lib\\layer.js:152:17)\n' +
        '    at trimPrefix (C:\\Users\\ACER\\Documents\\CHENDA\\chenda\\server\\node_modules\\router\\index.js:342:13)\n' +
        '    at C:\\Users\\ACER\\Documents\\CHENDA\\chenda\\server\\node_modules\\router\\index.js:297:9\n' +
        '    at processParams (C:\\Users\\ACER\\Documents\\CHENDA\\chenda\\server\\node_modules\\router\\index.js:582:12)\n' +
        '    at next (C:\\Users\\ACER\\Documents\\CHENDA\\chenda\\server\\node_modules\\router\\index.js:291:5)\n' +
        '    at read (C:\\Users\\ACER\\Documents\\CHENDA\\chenda\\server\\node_modules\\body-parser\\lib\\read.js:42:5)\n' +
        '    at urlencodedParser (C:\\Users\\ACER\\Documents\\CHENDA\\chenda\\server\\node_modules\\body-parser\\lib\\types\\urlencoded.js:57:5)\n' +
        '    at Layer.handleRequest (C:\\Users\\ACER\\Documents\\CHENDA\\chenda\\server\\node_modules\\router\\lib\\layer.js:152:17)\n' +
        '    at trimPrefix (C:\\Users\\ACER\\Documents\\CHENDA\\chenda\\server\\node_modules\\router\\index.js:342:13)\n' +
        '    at C:\\Users\\ACER\\Documents\\CHENDA\\chenda\\server\\node_modules\\router\\index.js:297:9\n' +
        '    at processParams (C:\\Users\\ACER\\Documents\\CHENDA\\chenda\\server\\node_modules\\router\\index.js:582:12)\n' +
        '    at next (C:\\Users\\ACER\\Documents\\CHENDA\\chenda\\server\\node_modules\\router\\index.js:291:5)\n' +
        '    at C:\\Users\\ACER\\Documents\\CHENDA\\chenda\\server\\node_modules\\body-parser\\lib\\read.js:171:5\n' +
        '    at AsyncResource.runInAsyncScope (node:async_hooks:211:14)\n' +
        '    at invokeCallback (C:\\Users\\ACER\\Documents\\CHENDA\\chenda\\server\\node_modules\\raw-body\\index.js:238:16)\n' +
        '    at done (C:\\Users\\ACER\\Documents\\CHENDA\\chenda\\server\\node_modules\\raw-body\\index.js:227:7)\n' +
        '    at IncomingMessage.onEnd (C:\\Users\\ACER\\Documents\\CHENDA\\chenda\\server\\node_modules\\raw-body\\index.js:287:7)\n' +
        '    at IncomingMessage.emit (node:events:513:28)\n' +
        '    at endReadableNT (node:internal/streams/readable:1696:12)\n' +
        '    at processTicksAndRejections (node:internal/process/task_queues:90:21)'
    }

    [0m [90m 28 |[39m   
     [90m 29 |[39m   [90m// Log error[39m
    [31m[1m>[22m[39m[90m 30 |[39m   console[33m.[39merror([32m'Γ¥î Error:'[39m[33m,[39m {
     [90m    |[39m           [31m[1m^[22m[39m
     [90m 31 |[39m     message[33m:[39m err[33m.[39mmessage[33m,[39m
     [90m 32 |[39m     status[33m:[39m statusCode[33m,[39m
     [90m 33 |[39m     url[33m:[39m req[33m.[39moriginalUrl[33m,[39m[0m

      at error (middleware/errorHandler.js:30:11)
      at Layer.handleError (node_modules/router/lib/layer.js:116:17)
      at trimPrefix (node_modules/router/index.js:340:13)
      at node_modules/router/index.js:297:9
      at processParams (node_modules/router/index.js:582:12)
      at next (node_modules/router/index.js:291:5)
      at next (middleware/analyticsMiddleware.js:295:3)
      at Layer.handleError (node_modules/router/lib/layer.js:116:17)
      at trimPrefix (node_modules/router/index.js:340:13)
      at node_modules/router/index.js:297:9
      at processParams (node_modules/router/index.js:582:12)
      at next (node_modules/router/index.js:291:5)
      at Layer.handleError (node_modules/router/lib/layer.js:111:12)
      at trimPrefix (node_modules/router/index.js:340:13)
      at node_modules/router/index.js:297:9
      at processParams (node_modules/router/index.js:582:12)
      at next (node_modules/router/index.js:291:5)
      at Layer.handleError (node_modules/router/lib/layer.js:111:12)
      at trimPrefix (node_modules/router/index.js:340:13)
      at node_modules/router/index.js:297:9
      at processParams (node_modules/router/index.js:582:12)
      at next (node_modules/router/index.js:291:5)
      at Layer.handleError (node_modules/router/lib/layer.js:111:12)
      at trimPrefix (node_modules/router/index.js:340:13)
      at node_modules/router/index.js:297:9
      at processParams (node_modules/router/index.js:582:12)
      at next (node_modules/router/index.js:291:5)
      at Layer.handleError (node_modules/router/lib/layer.js:111:12)
      at trimPrefix (node_modules/router/index.js:340:13)
      at node_modules/router/index.js:297:9
      at processParams (node_modules/router/index.js:582:12)
      at next (node_modules/router/index.js:291:5)
      at Layer.handleError (node_modules/router/lib/layer.js:111:12)
      at trimPrefix (node_modules/router/index.js:340:13)
      at node_modules/router/index.js:297:9
      at processParams (node_modules/router/index.js:582:12)
      at next (node_modules/router/index.js:291:5)
      at Layer.handleError (node_modules/router/lib/layer.js:111:12)
      at trimPrefix (node_modules/router/index.js:340:13)
      at node_modules/router/index.js:297:9
      at processParams (node_modules/router/index.js:582:12)
      at next (node_modules/router/index.js:291:5)
      at Layer.handleError (node_modules/router/lib/layer.js:111:12)
      at trimPrefix (node_modules/router/index.js:340:13)
      at node_modules/router/index.js:297:9
      at processParams (node_modules/router/index.js:582:12)
      at next (node_modules/router/index.js:291:5)
      at Layer.handleError (node_modules/router/lib/layer.js:111:12)
      at trimPrefix (node_modules/router/index.js:340:13)
      at node_modules/router/index.js:297:9
      at processParams (node_modules/router/index.js:582:12)
      at next (node_modules/router/index.js:291:5)
      at Layer.handleError (node_modules/router/lib/layer.js:111:12)
      at trimPrefix (node_modules/router/index.js:340:13)
      at node_modules/router/index.js:297:9
      at processParams (node_modules/router/index.js:582:12)
      at next (node_modules/router/index.js:291:5)
      at Layer.handleRequest (node_modules/router/lib/layer.js:165:5)
      at trimPrefix (node_modules/router/index.js:342:13)
      at node_modules/router/index.js:297:9
      at processParams (node_modules/router/index.js:582:12)
      at next (node_modules/router/index.js:291:5)
      at read (node_modules/body-parser/lib/read.js:42:5)
      at urlencodedParser (node_modules/body-parser/lib/types/urlencoded.js:57:5)
      at Layer.handleRequest (node_modules/router/lib/layer.js:152:17)
      at trimPrefix (node_modules/router/index.js:342:13)
      at node_modules/router/index.js:297:9
      at processParams (node_modules/router/index.js:582:12)
      at next (node_modules/router/index.js:291:5)
      at node_modules/body-parser/lib/read.js:171:5
      at invokeCallback (node_modules/raw-body/index.js:238:16)
      at done (node_modules/raw-body/index.js:227:7)
      at IncomingMessage.onEnd (node_modules/raw-body/index.js:287:7)

  console.error
    Γ¥î Error: {
      message: 'Cannot set property query of [object Object] which has only a getter',
      status: 500,
      url: '/api/auth/register',
      method: 'POST',
      stack: 'TypeError: Cannot set property query of [object Object] which has only a getter\n' +
        '    at C:\\Users\\ACER\\Documents\\CHENDA\\chenda\\server\\node_modules\\xss-clean\\src\\index.js:10:20\n' +
        '    at Layer.handleRequest (C:\\Users\\ACER\\Documents\\CHENDA\\chenda\\server\\node_modules\\router\\lib\\layer.js:152:17)\n' +
        '    at trimPrefix (C:\\Users\\ACER\\Documents\\CHENDA\\chenda\\server\\node_modules\\router\\index.js:342:13)\n' +
        '    at C:\\Users\\ACER\\Documents\\CHENDA\\chenda\\server\\node_modules\\router\\index.js:297:9\n' +
        '    at processParams (C:\\Users\\ACER\\Documents\\CHENDA\\chenda\\server\\node_modules\\router\\index.js:582:12)\n' +
        '    at next (C:\\Users\\ACER\\Documents\\CHENDA\\chenda\\server\\node_modules\\router\\index.js:291:5)\n' +
        '    at read (C:\\Users\\ACER\\Documents\\CHENDA\\chenda\\server\\node_modules\\body-parser\\lib\\read.js:42:5)\n' +
        '    at urlencodedParser (C:\\Users\\ACER\\Documents\\CHENDA\\chenda\\server\\node_modules\\body-parser\\lib\\types\\urlencoded.js:57:5)\n' +
        '    at Layer.handleRequest (C:\\Users\\ACER\\Documents\\CHENDA\\chenda\\server\\node_modules\\router\\lib\\layer.js:152:17)\n' +
        '    at trimPrefix (C:\\Users\\ACER\\Documents\\CHENDA\\chenda\\server\\node_modules\\router\\index.js:342:13)\n' +
        '    at C:\\Users\\ACER\\Documents\\CHENDA\\chenda\\server\\node_modules\\router\\index.js:297:9\n' +
        '    at processParams (C:\\Users\\ACER\\Documents\\CHENDA\\chenda\\server\\node_modules\\router\\index.js:582:12)\n' +
        '    at next (C:\\Users\\ACER\\Documents\\CHENDA\\chenda\\server\\node_modules\\router\\index.js:291:5)\n' +
        '    at C:\\Users\\ACER\\Documents\\CHENDA\\chenda\\server\\node_modules\\body-parser\\lib\\read.js:171:5\n' +
        '    at AsyncResource.runInAsyncScope (node:async_hooks:211:14)\n' +
        '    at invokeCallback (C:\\Users\\ACER\\Documents\\CHENDA\\chenda\\server\\node_modules\\raw-body\\index.js:238:16)\n' +
        '    at done (C:\\Users\\ACER\\Documents\\CHENDA\\chenda\\server\\node_modules\\raw-body\\index.js:227:7)\n' +
        '    at IncomingMessage.onEnd (C:\\Users\\ACER\\Documents\\CHENDA\\chenda\\server\\node_modules\\raw-body\\index.js:287:7)\n' +
        '    at IncomingMessage.emit (node:events:513:28)\n' +
        '    at endReadableNT (node:internal/streams/readable:1696:12)\n' +
        '    at processTicksAndRejections (node:internal/process/task_queues:90:21)'
    }

    [0m [90m 28 |[39m   
     [90m 29 |[39m   [90m// Log error[39m
    [31m[1m>[22m[39m[90m 30 |[39m   console[33m.[39merror([32m'Γ¥î Error:'[39m[33m,[39m {
     [90m    |[39m           [31m[1m^[22m[39m
     [90m 31 |[39m     message[33m:[39m err[33m.[39mmessage[33m,[39m
     [90m 32 |[39m     status[33m:[39m statusCode[33m,[39m
     [90m 33 |[39m     url[33m:[39m req[33m.[39moriginalUrl[33m,[39m[0m

      at error (middleware/errorHandler.js:30:11)
      at Layer.handleError (node_modules/router/lib/layer.js:116:17)
      at trimPrefix (node_modules/router/index.js:340:13)
      at node_modules/router/index.js:297:9
      at processParams (node_modules/router/index.js:582:12)
      at next (node_modules/router/index.js:291:5)
      at next (middleware/analyticsMiddleware.js:295:3)
      at Layer.handleError (node_modules/router/lib/layer.js:116:17)
      at trimPrefix (node_modules/router/index.js:340:13)
      at node_modules/router/index.js:297:9
      at processParams (node_modules/router/index.js:582:12)
      at next (node_modules/router/index.js:291:5)
      at Layer.handleError (node_modules/router/lib/layer.js:111:12)
      at trimPrefix (node_modules/router/index.js:340:13)
      at node_modules/router/index.js:297:9
      at processParams (node_modules/router/index.js:582:12)
      at next (node_modules/router/index.js:291:5)
      at Layer.handleError (node_modules/router/lib/layer.js:111:12)
      at trimPrefix (node_modules/router/index.js:340:13)
      at node_modules/router/index.js:297:9
      at processParams (node_modules/router/index.js:582:12)
      at next (node_modules/router/index.js:291:5)
      at Layer.handleError (node_modules/router/lib/layer.js:111:12)
      at trimPrefix (node_modules/router/index.js:340:13)
      at node_modules/router/index.js:297:9
      at processParams (node_modules/router/index.js:582:12)
      at next (node_modules/router/index.js:291:5)
      at Layer.handleError (node_modules/router/lib/layer.js:111:12)
      at trimPrefix (node_modules/router/index.js:340:13)
      at node_modules/router/index.js:297:9
      at processParams (node_modules/router/index.js:582:12)
      at next (node_modules/router/index.js:291:5)
      at Layer.handleError (node_modules/router/lib/layer.js:111:12)
      at trimPrefix (node_modules/router/index.js:340:13)
      at node_modules/router/index.js:297:9
      at processParams (node_modules/router/index.js:582:12)
      at next (node_modules/router/index.js:291:5)
      at Layer.handleError (node_modules/router/lib/layer.js:111:12)
      at trimPrefix (node_modules/router/index.js:340:13)
      at node_modules/router/index.js:297:9
      at processParams (node_modules/router/index.js:582:12)
      at next (node_modules/router/index.js:291:5)
      at Layer.handleError (node_modules/router/lib/layer.js:111:12)
      at trimPrefix (node_modules/router/index.js:340:13)
      at node_modules/router/index.js:297:9
      at processParams (node_modules/router/index.js:582:12)
      at next (node_modules/router/index.js:291:5)
      at Layer.handleError (node_modules/router/lib/layer.js:111:12)
      at trimPrefix (node_modules/router/index.js:340:13)
      at node_modules/router/index.js:297:9
      at processParams (node_modules/router/index.js:582:12)
      at next (node_modules/router/index.js:291:5)
      at Layer.handleError (node_modules/router/lib/layer.js:111:12)
      at trimPrefix (node_modules/router/index.js:340:13)
      at node_modules/router/index.js:297:9
      at processParams (node_modules/router/index.js:582:12)
      at next (node_modules/router/index.js:291:5)
      at Layer.handleRequest (node_modules/router/lib/layer.js:165:5)
      at trimPrefix (node_modules/router/index.js:342:13)
      at node_modules/router/index.js:297:9
      at processParams (node_modules/router/index.js:582:12)
      at next (node_modules/router/index.js:291:5)
      at read (node_modules/body-parser/lib/read.js:42:5)
      at urlencodedParser (node_modules/body-parser/lib/types/urlencoded.js:57:5)
      at Layer.handleRequest (node_modules/router/lib/layer.js:152:17)
      at trimPrefix (node_modules/router/index.js:342:13)
      at node_modules/router/index.js:297:9
      at processParams (node_modules/router/index.js:582:12)
      at next (node_modules/router/index.js:291:5)
      at node_modules/body-parser/lib/read.js:171:5
      at invokeCallback (node_modules/raw-body/index.js:238:16)
      at done (node_modules/raw-body/index.js:227:7)
      at IncomingMessage.onEnd (node_modules/raw-body/index.js:287:7)

  console.error
    Γ¥î Error: {
      message: 'Cannot set property query of [object Object] which has only a getter',
      status: 500,
      url: '/api/auth/login',
      method: 'POST',
      stack: 'TypeError: Cannot set property query of [object Object] which has only a getter\n' +
        '    at C:\\Users\\ACER\\Documents\\CHENDA\\chenda\\server\\node_modules\\xss-clean\\src\\index.js:10:20\n' +
        '    at Layer.handleRequest (C:\\Users\\ACER\\Documents\\CHENDA\\chenda\\server\\node_modules\\router\\lib\\layer.js:152:17)\n' +
        '    at trimPrefix (C:\\Users\\ACER\\Documents\\CHENDA\\chenda\\server\\node_modules\\router\\index.js:342:13)\n' +
        '    at C:\\Users\\ACER\\Documents\\CHENDA\\chenda\\server\\node_modules\\router\\index.js:297:9\n' +
        '    at processParams (C:\\Users\\ACER\\Documents\\CHENDA\\chenda\\server\\node_modules\\router\\index.js:582:12)\n' +
        '    at next (C:\\Users\\ACER\\Documents\\CHENDA\\chenda\\server\\node_modules\\router\\index.js:291:5)\n' +
        '    at read (C:\\Users\\ACER\\Documents\\CHENDA\\chenda\\server\\node_modules\\body-parser\\lib\\read.js:42:5)\n' +
        '    at urlencodedParser (C:\\Users\\ACER\\Documents\\CHENDA\\chenda\\server\\node_modules\\body-parser\\lib\\types\\urlencoded.js:57:5)\n' +
        '    at Layer.handleRequest (C:\\Users\\ACER\\Documents\\CHENDA\\chenda\\server\\node_modules\\router\\lib\\layer.js:152:17)\n' +
        '    at trimPrefix (C:\\Users\\ACER\\Documents\\CHENDA\\chenda\\server\\node_modules\\router\\index.js:342:13)\n' +
        '    at C:\\Users\\ACER\\Documents\\CHENDA\\chenda\\server\\node_modules\\router\\index.js:297:9\n' +
        '    at processParams (C:\\Users\\ACER\\Documents\\CHENDA\\chenda\\server\\node_modules\\router\\index.js:582:12)\n' +
        '    at next (C:\\Users\\ACER\\Documents\\CHENDA\\chenda\\server\\node_modules\\router\\index.js:291:5)\n' +
        '    at C:\\Users\\ACER\\Documents\\CHENDA\\chenda\\server\\node_modules\\body-parser\\lib\\read.js:171:5\n' +
        '    at AsyncResource.runInAsyncScope (node:async_hooks:211:14)\n' +
        '    at invokeCallback (C:\\Users\\ACER\\Documents\\CHENDA\\chenda\\server\\node_modules\\raw-body\\index.js:238:16)\n' +
        '    at done (C:\\Users\\ACER\\Documents\\CHENDA\\chenda\\server\\node_modules\\raw-body\\index.js:227:7)\n' +
        '    at IncomingMessage.onEnd (C:\\Users\\ACER\\Documents\\CHENDA\\chenda\\server\\node_modules\\raw-body\\index.js:287:7)\n' +
        '    at IncomingMessage.emit (node:events:513:28)\n' +
        '    at endReadableNT (node:internal/streams/readable:1696:12)\n' +
        '    at processTicksAndRejections (node:internal/process/task_queues:90:21)'
    }

    [0m [90m 28 |[39m   
     [90m 29 |[39m   [90m// Log error[39m
    [31m[1m>[22m[39m[90m 30 |[39m   console[33m.[39merror([32m'Γ¥î Error:'[39m[33m,[39m {
     [90m    |[39m           [31m[1m^[22m[39m
     [90m 31 |[39m     message[33m:[39m err[33m.[39mmessage[33m,[39m
     [90m 32 |[39m     status[33m:[39m statusCode[33m,[39m
     [90m 33 |[39m     url[33m:[39m req[33m.[39moriginalUrl[33m,[39m[0m

      at error (middleware/errorHandler.js:30:11)
      at Layer.handleError (node_modules/router/lib/layer.js:116:17)
      at trimPrefix (node_modules/router/index.js:340:13)
      at node_modules/router/index.js:297:9
      at processParams (node_modules/router/index.js:582:12)
      at next (node_modules/router/index.js:291:5)
      at next (middleware/analyticsMiddleware.js:295:3)
      at Layer.handleError (node_modules/router/lib/layer.js:116:17)
      at trimPrefix (node_modules/router/index.js:340:13)
      at node_modules/router/index.js:297:9
      at processParams (node_modules/router/index.js:582:12)
      at next (node_modules/router/index.js:291:5)
      at Layer.handleError (node_modules/router/lib/layer.js:111:12)
      at trimPrefix (node_modules/router/index.js:340:13)
      at node_modules/router/index.js:297:9
      at processParams (node_modules/router/index.js:582:12)
      at next (node_modules/router/index.js:291:5)
      at Layer.handleError (node_modules/router/lib/layer.js:111:12)
      at trimPrefix (node_modules/router/index.js:340:13)
      at node_modules/router/index.js:297:9
      at processParams (node_modules/router/index.js:582:12)
      at next (node_modules/router/index.js:291:5)
      at Layer.handleError (node_modules/router/lib/layer.js:111:12)
      at trimPrefix (node_modules/router/index.js:340:13)
      at node_modules/router/index.js:297:9
      at processParams (node_modules/router/index.js:582:12)
      at next (node_modules/router/index.js:291:5)
      at Layer.handleError (node_modules/router/lib/layer.js:111:12)
      at trimPrefix (node_modules/router/index.js:340:13)
      at node_modules/router/index.js:297:9
      at processParams (node_modules/router/index.js:582:12)
      at next (node_modules/router/index.js:291:5)
      at Layer.handleError (node_modules/router/lib/layer.js:111:12)
      at trimPrefix (node_modules/router/index.js:340:13)
      at node_modules/router/index.js:297:9
      at processParams (node_modules/router/index.js:582:12)
      at next (node_modules/router/index.js:291:5)
      at Layer.handleError (node_modules/router/lib/layer.js:111:12)
      at trimPrefix (node_modules/router/index.js:340:13)
      at node_modules/router/index.js:297:9
      at processParams (node_modules/router/index.js:582:12)
      at next (node_modules/router/index.js:291:5)
      at Layer.handleError (node_modules/router/lib/layer.js:111:12)
      at trimPrefix (node_modules/router/index.js:340:13)
      at node_modules/router/index.js:297:9
      at processParams (node_modules/router/index.js:582:12)
      at next (node_modules/router/index.js:291:5)
      at Layer.handleError (node_modules/router/lib/layer.js:111:12)
      at trimPrefix (node_modules/router/index.js:340:13)
      at node_modules/router/index.js:297:9
      at processParams (node_modules/router/index.js:582:12)
      at next (node_modules/router/index.js:291:5)
      at Layer.handleError (node_modules/router/lib/layer.js:111:12)
      at trimPrefix (node_modules/router/index.js:340:13)
      at node_modules/router/index.js:297:9
      at processParams (node_modules/router/index.js:582:12)
      at next (node_modules/router/index.js:291:5)
      at Layer.handleRequest (node_modules/router/lib/layer.js:165:5)
      at trimPrefix (node_modules/router/index.js:342:13)
      at node_modules/router/index.js:297:9
      at processParams (node_modules/router/index.js:582:12)
      at next (node_modules/router/index.js:291:5)
      at read (node_modules/body-parser/lib/read.js:42:5)
      at urlencodedParser (node_modules/body-parser/lib/types/urlencoded.js:57:5)
      at Layer.handleRequest (node_modules/router/lib/layer.js:152:17)
      at trimPrefix (node_modules/router/index.js:342:13)
      at node_modules/router/index.js:297:9
      at processParams (node_modules/router/index.js:582:12)
      at next (node_modules/router/index.js:291:5)
      at node_modules/body-parser/lib/read.js:171:5
      at invokeCallback (node_modules/raw-body/index.js:238:16)
      at done (node_modules/raw-body/index.js:227:7)
      at IncomingMessage.onEnd (node_modules/raw-body/index.js:287:7)

  console.error
    Γ¥î Error: {
      message: 'Cannot set property query of [object Object] which has only a getter',
      status: 500,
      url: '/api/auth/login',
      method: 'POST',
      stack: 'TypeError: Cannot set property query of [object Object] which has only a getter\n' +
        '    at C:\\Users\\ACER\\Documents\\CHENDA\\chenda\\server\\node_modules\\xss-clean\\src\\index.js:10:20\n' +
        '    at Layer.handleRequest (C:\\Users\\ACER\\Documents\\CHENDA\\chenda\\server\\node_modules\\router\\lib\\layer.js:152:17)\n' +
        '    at trimPrefix (C:\\Users\\ACER\\Documents\\CHENDA\\chenda\\server\\node_modules\\router\\index.js:342:13)\n' +
        '    at C:\\Users\\ACER\\Documents\\CHENDA\\chenda\\server\\node_modules\\router\\index.js:297:9\n' +
        '    at processParams (C:\\Users\\ACER\\Documents\\CHENDA\\chenda\\server\\node_modules\\router\\index.js:582:12)\n' +
        '    at next (C:\\Users\\ACER\\Documents\\CHENDA\\chenda\\server\\node_modules\\router\\index.js:291:5)\n' +
        '    at read (C:\\Users\\ACER\\Documents\\CHENDA\\chenda\\server\\node_modules\\body-parser\\lib\\read.js:42:5)\n' +
        '    at urlencodedParser (C:\\Users\\ACER\\Documents\\CHENDA\\chenda\\server\\node_modules\\body-parser\\lib\\types\\urlencoded.js:57:5)\n' +
        '    at Layer.handleRequest (C:\\Users\\ACER\\Documents\\CHENDA\\chenda\\server\\node_modules\\router\\lib\\layer.js:152:17)\n' +
        '    at trimPrefix (C:\\Users\\ACER\\Documents\\CHENDA\\chenda\\server\\node_modules\\router\\index.js:342:13)\n' +
        '    at C:\\Users\\ACER\\Documents\\CHENDA\\chenda\\server\\node_modules\\router\\index.js:297:9\n' +
        '    at processParams (C:\\Users\\ACER\\Documents\\CHENDA\\chenda\\server\\node_modules\\router\\index.js:582:12)\n' +
        '    at next (C:\\Users\\ACER\\Documents\\CHENDA\\chenda\\server\\node_modules\\router\\index.js:291:5)\n' +
        '    at C:\\Users\\ACER\\Documents\\CHENDA\\chenda\\server\\node_modules\\body-parser\\lib\\read.js:171:5\n' +
        '    at AsyncResource.runInAsyncScope (node:async_hooks:211:14)\n' +
        '    at invokeCallback (C:\\Users\\ACER\\Documents\\CHENDA\\chenda\\server\\node_modules\\raw-body\\index.js:238:16)\n' +
        '    at done (C:\\Users\\ACER\\Documents\\CHENDA\\chenda\\server\\node_modules\\raw-body\\index.js:227:7)\n' +
        '    at IncomingMessage.onEnd (C:\\Users\\ACER\\Documents\\CHENDA\\chenda\\server\\node_modules\\raw-body\\index.js:287:7)\n' +
        '    at IncomingMessage.emit (node:events:513:28)\n' +
        '    at endReadableNT (node:internal/streams/readable:1696:12)\n' +
        '    at processTicksAndRejections (node:internal/process/task_queues:90:21)'
    }

    [0m [90m 28 |[39m   
     [90m 29 |[39m   [90m// Log error[39m
    [31m[1m>[22m[39m[90m 30 |[39m   console[33m.[39merror([32m'Γ¥î Error:'[39m[33m,[39m {
     [90m    |[39m           [31m[1m^[22m[39m
     [90m 31 |[39m     message[33m:[39m err[33m.[39mmessage[33m,[39m
     [90m 32 |[39m     status[33m:[39m statusCode[33m,[39m
     [90m 33 |[39m     url[33m:[39m req[33m.[39moriginalUrl[33m,[39m[0m

      at error (middleware/errorHandler.js:30:11)
      at Layer.handleError (node_modules/router/lib/layer.js:116:17)
      at trimPrefix (node_modules/router/index.js:340:13)
      at node_modules/router/index.js:297:9
      at processParams (node_modules/router/index.js:582:12)
      at next (node_modules/router/index.js:291:5)
      at next (middleware/analyticsMiddleware.js:295:3)
      at Layer.handleError (node_modules/router/lib/layer.js:116:17)
      at trimPrefix (node_modules/router/index.js:340:13)
      at node_modules/router/index.js:297:9
      at processParams (node_modules/router/index.js:582:12)
      at next (node_modules/router/index.js:291:5)
      at Layer.handleError (node_modules/router/lib/layer.js:111:12)
      at trimPrefix (node_modules/router/index.js:340:13)
      at node_modules/router/index.js:297:9
      at processParams (node_modules/router/index.js:582:12)
      at next (node_modules/router/index.js:291:5)
      at Layer.handleError (node_modules/router/lib/layer.js:111:12)
      at trimPrefix (node_modules/router/index.js:340:13)
      at node_modules/router/index.js:297:9
      at processParams (node_modules/router/index.js:582:12)
      at next (node_modules/router/index.js:291:5)
      at Layer.handleError (node_modules/router/lib/layer.js:111:12)
      at trimPrefix (node_modules/router/index.js:340:13)
      at node_modules/router/index.js:297:9
      at processParams (node_modules/router/index.js:582:12)
      at next (node_modules/router/index.js:291:5)
      at Layer.handleError (node_modules/router/lib/layer.js:111:12)
      at trimPrefix (node_modules/router/index.js:340:13)
      at node_modules/router/index.js:297:9
      at processParams (node_modules/router/index.js:582:12)
      at next (node_modules/router/index.js:291:5)
      at Layer.handleError (node_modules/router/lib/layer.js:111:12)
      at trimPrefix (node_modules/router/index.js:340:13)
      at node_modules/router/index.js:297:9
      at processParams (node_modules/router/index.js:582:12)
      at next (node_modules/router/index.js:291:5)
      at Layer.handleError (node_modules/router/lib/layer.js:111:12)
      at trimPrefix (node_modules/router/index.js:340:13)
      at node_modules/router/index.js:297:9
      at processParams (node_modules/router/index.js:582:12)
      at next (node_modules/router/index.js:291:5)
      at Layer.handleError (node_modules/router/lib/layer.js:111:12)
      at trimPrefix (node_modules/router/index.js:340:13)
      at node_modules/router/index.js:297:9
      at processParams (node_modules/router/index.js:582:12)
      at next (node_modules/router/index.js:291:5)
      at Layer.handleError (node_modules/router/lib/layer.js:111:12)
      at trimPrefix (node_modules/router/index.js:340:13)
      at node_modules/router/index.js:297:9
      at processParams (node_modules/router/index.js:582:12)
      at next (node_modules/router/index.js:291:5)
      at Layer.handleError (node_modules/router/lib/layer.js:111:12)
      at trimPrefix (node_modules/router/index.js:340:13)
      at node_modules/router/index.js:297:9
      at processParams (node_modules/router/index.js:582:12)
      at next (node_modules/router/index.js:291:5)
      at Layer.handleRequest (node_modules/router/lib/layer.js:165:5)
      at trimPrefix (node_modules/router/index.js:342:13)
      at node_modules/router/index.js:297:9
      at processParams (node_modules/router/index.js:582:12)
      at next (node_modules/router/index.js:291:5)
      at read (node_modules/body-parser/lib/read.js:42:5)
      at urlencodedParser (node_modules/body-parser/lib/types/urlencoded.js:57:5)
      at Layer.handleRequest (node_modules/router/lib/layer.js:152:17)
      at trimPrefix (node_modules/router/index.js:342:13)
      at node_modules/router/index.js:297:9
      at processParams (node_modules/router/index.js:582:12)
      at next (node_modules/router/index.js:291:5)
      at node_modules/body-parser/lib/read.js:171:5
      at invokeCallback (node_modules/raw-body/index.js:238:16)
      at done (node_modules/raw-body/index.js:227:7)
      at IncomingMessage.onEnd (node_modules/raw-body/index.js:287:7)

  console.error
    Γ¥î Error: {
      message: 'Cannot set property query of [object Object] which has only a getter',
      status: 500,
      url: '/api/auth/login',
      method: 'POST',
      stack: 'TypeError: Cannot set property query of [object Object] which has only a getter\n' +
        '    at C:\\Users\\ACER\\Documents\\CHENDA\\chenda\\server\\node_modules\\xss-clean\\src\\index.js:10:20\n' +
        '    at Layer.handleRequest (C:\\Users\\ACER\\Documents\\CHENDA\\chenda\\server\\node_modules\\router\\lib\\layer.js:152:17)\n' +
        '    at trimPrefix (C:\\Users\\ACER\\Documents\\CHENDA\\chenda\\server\\node_modules\\router\\index.js:342:13)\n' +
        '    at C:\\Users\\ACER\\Documents\\CHENDA\\chenda\\server\\node_modules\\router\\index.js:297:9\n' +
        '    at processParams (C:\\Users\\ACER\\Documents\\CHENDA\\chenda\\server\\node_modules\\router\\index.js:582:12)\n' +
        '    at next (C:\\Users\\ACER\\Documents\\CHENDA\\chenda\\server\\node_modules\\router\\index.js:291:5)\n' +
        '    at read (C:\\Users\\ACER\\Documents\\CHENDA\\chenda\\server\\node_modules\\body-parser\\lib\\read.js:42:5)\n' +
        '    at urlencodedParser (C:\\Users\\ACER\\Documents\\CHENDA\\chenda\\server\\node_modules\\body-parser\\lib\\types\\urlencoded.js:57:5)\n' +
        '    at Layer.handleRequest (C:\\Users\\ACER\\Documents\\CHENDA\\chenda\\server\\node_modules\\router\\lib\\layer.js:152:17)\n' +
        '    at trimPrefix (C:\\Users\\ACER\\Documents\\CHENDA\\chenda\\server\\node_modules\\router\\index.js:342:13)\n' +
        '    at C:\\Users\\ACER\\Documents\\CHENDA\\chenda\\server\\node_modules\\router\\index.js:297:9\n' +
        '    at processParams (C:\\Users\\ACER\\Documents\\CHENDA\\chenda\\server\\node_modules\\router\\index.js:582:12)\n' +
        '    at next (C:\\Users\\ACER\\Documents\\CHENDA\\chenda\\server\\node_modules\\router\\index.js:291:5)\n' +
        '    at C:\\Users\\ACER\\Documents\\CHENDA\\chenda\\server\\node_modules\\body-parser\\lib\\read.js:171:5\n' +
        '    at AsyncResource.runInAsyncScope (node:async_hooks:211:14)\n' +
        '    at invokeCallback (C:\\Users\\ACER\\Documents\\CHENDA\\chenda\\server\\node_modules\\raw-body\\index.js:238:16)\n' +
        '    at done (C:\\Users\\ACER\\Documents\\CHENDA\\chenda\\server\\node_modules\\raw-body\\index.js:227:7)\n' +
        '    at IncomingMessage.onEnd (C:\\Users\\ACER\\Documents\\CHENDA\\chenda\\server\\node_modules\\raw-body\\index.js:287:7)\n' +
        '    at IncomingMessage.emit (node:events:513:28)\n' +
        '    at endReadableNT (node:internal/streams/readable:1696:12)\n' +
        '    at processTicksAndRejections (node:internal/process/task_queues:90:21)'
    }

    [0m [90m 28 |[39m   
     [90m 29 |[39m   [90m// Log error[39m
    [31m[1m>[22m[39m[90m 30 |[39m   console[33m.[39merror([32m'Γ¥î Error:'[39m[33m,[39m {
     [90m    |[39m           [31m[1m^[22m[39m
     [90m 31 |[39m     message[33m:[39m err[33m.[39mmessage[33m,[39m
     [90m 32 |[39m     status[33m:[39m statusCode[33m,[39m
     [90m 33 |[39m     url[33m:[39m req[33m.[39moriginalUrl[33m,[39m[0m

      at error (middleware/errorHandler.js:30:11)
      at Layer.handleError (node_modules/router/lib/layer.js:116:17)
      at trimPrefix (node_modules/router/index.js:340:13)
      at node_modules/router/index.js:297:9
      at processParams (node_modules/router/index.js:582:12)
      at next (node_modules/router/index.js:291:5)
      at next (middleware/analyticsMiddleware.js:295:3)
      at Layer.handleError (node_modules/router/lib/layer.js:116:17)
      at trimPrefix (node_modules/router/index.js:340:13)
      at node_modules/router/index.js:297:9
      at processParams (node_modules/router/index.js:582:12)
      at next (node_modules/router/index.js:291:5)
      at Layer.handleError (node_modules/router/lib/layer.js:111:12)
      at trimPrefix (node_modules/router/index.js:340:13)
      at node_modules/router/index.js:297:9
      at processParams (node_modules/router/index.js:582:12)
      at next (node_modules/router/index.js:291:5)
      at Layer.handleError (node_modules/router/lib/layer.js:111:12)
      at trimPrefix (node_modules/router/index.js:340:13)
      at node_modules/router/index.js:297:9
      at processParams (node_modules/router/index.js:582:12)
      at next (node_modules/router/index.js:291:5)
      at Layer.handleError (node_modules/router/lib/layer.js:111:12)
      at trimPrefix (node_modules/router/index.js:340:13)
      at node_modules/router/index.js:297:9
      at processParams (node_modules/router/index.js:582:12)
      at next (node_modules/router/index.js:291:5)
      at Layer.handleError (node_modules/router/lib/layer.js:111:12)
      at trimPrefix (node_modules/router/index.js:340:13)
      at node_modules/router/index.js:297:9
      at processParams (node_modules/router/index.js:582:12)
      at next (node_modules/router/index.js:291:5)
      at Layer.handleError (node_modules/router/lib/layer.js:111:12)
      at trimPrefix (node_modules/router/index.js:340:13)
      at node_modules/router/index.js:297:9
      at processParams (node_modules/router/index.js:582:12)
      at next (node_modules/router/index.js:291:5)
      at Layer.handleError (node_modules/router/lib/layer.js:111:12)
      at trimPrefix (node_modules/router/index.js:340:13)
      at node_modules/router/index.js:297:9
      at processParams (node_modules/router/index.js:582:12)
      at next (node_modules/router/index.js:291:5)
      at Layer.handleError (node_modules/router/lib/layer.js:111:12)
      at trimPrefix (node_modules/router/index.js:340:13)
      at node_modules/router/index.js:297:9
      at processParams (node_modules/router/index.js:582:12)
      at next (node_modules/router/index.js:291:5)
      at Layer.handleError (node_modules/router/lib/layer.js:111:12)
      at trimPrefix (node_modules/router/index.js:340:13)
      at node_modules/router/index.js:297:9
      at processParams (node_modules/router/index.js:582:12)
      at next (node_modules/router/index.js:291:5)
      at Layer.handleError (node_modules/router/lib/layer.js:111:12)
      at trimPrefix (node_modules/router/index.js:340:13)
      at node_modules/router/index.js:297:9
      at processParams (node_modules/router/index.js:582:12)
      at next (node_modules/router/index.js:291:5)
      at Layer.handleRequest (node_modules/router/lib/layer.js:165:5)
      at trimPrefix (node_modules/router/index.js:342:13)
      at node_modules/router/index.js:297:9
      at processParams (node_modules/router/index.js:582:12)
      at next (node_modules/router/index.js:291:5)
      at read (node_modules/body-parser/lib/read.js:42:5)
      at urlencodedParser (node_modules/body-parser/lib/types/urlencoded.js:57:5)
      at Layer.handleRequest (node_modules/router/lib/layer.js:152:17)
      at trimPrefix (node_modules/router/index.js:342:13)
      at node_modules/router/index.js:297:9
      at processParams (node_modules/router/index.js:582:12)
      at next (node_modules/router/index.js:291:5)
      at node_modules/body-parser/lib/read.js:171:5
      at invokeCallback (node_modules/raw-body/index.js:238:16)
      at done (node_modules/raw-body/index.js:227:7)
      at IncomingMessage.onEnd (node_modules/raw-body/index.js:287:7)

  console.error
    Γ¥î Error: {
      message: 'Cannot set property query of [object Object] which has only a getter',
      status: 500,
      url: '/api/auth/login',
      method: 'POST',
      stack: 'TypeError: Cannot set property query of [object Object] which has only a getter\n' +
        '    at C:\\Users\\ACER\\Documents\\CHENDA\\chenda\\server\\node_modules\\xss-clean\\src\\index.js:10:20\n' +
        '    at Layer.handleRequest (C:\\Users\\ACER\\Documents\\CHENDA\\chenda\\server\\node_modules\\router\\lib\\layer.js:152:17)\n' +
        '    at trimPrefix (C:\\Users\\ACER\\Documents\\CHENDA\\chenda\\server\\node_modules\\router\\index.js:342:13)\n' +
        '    at C:\\Users\\ACER\\Documents\\CHENDA\\chenda\\server\\node_modules\\router\\index.js:297:9\n' +
        '    at processParams (C:\\Users\\ACER\\Documents\\CHENDA\\chenda\\server\\node_modules\\router\\index.js:582:12)\n' +
        '    at next (C:\\Users\\ACER\\Documents\\CHENDA\\chenda\\server\\node_modules\\router\\index.js:291:5)\n' +
        '    at read (C:\\Users\\ACER\\Documents\\CHENDA\\chenda\\server\\node_modules\\body-parser\\lib\\read.js:42:5)\n' +
        '    at urlencodedParser (C:\\Users\\ACER\\Documents\\CHENDA\\chenda\\server\\node_modules\\body-parser\\lib\\types\\urlencoded.js:57:5)\n' +
        '    at Layer.handleRequest (C:\\Users\\ACER\\Documents\\CHENDA\\chenda\\server\\node_modules\\router\\lib\\layer.js:152:17)\n' +
        '    at trimPrefix (C:\\Users\\ACER\\Documents\\CHENDA\\chenda\\server\\node_modules\\router\\index.js:342:13)\n' +
        '    at C:\\Users\\ACER\\Documents\\CHENDA\\chenda\\server\\node_modules\\router\\index.js:297:9\n' +
        '    at processParams (C:\\Users\\ACER\\Documents\\CHENDA\\chenda\\server\\node_modules\\router\\index.js:582:12)\n' +
        '    at next (C:\\Users\\ACER\\Documents\\CHENDA\\chenda\\server\\node_modules\\router\\index.js:291:5)\n' +
        '    at C:\\Users\\ACER\\Documents\\CHENDA\\chenda\\server\\node_modules\\body-parser\\lib\\read.js:171:5\n' +
        '    at AsyncResource.runInAsyncScope (node:async_hooks:211:14)\n' +
        '    at invokeCallback (C:\\Users\\ACER\\Documents\\CHENDA\\chenda\\server\\node_modules\\raw-body\\index.js:238:16)\n' +
        '    at done (C:\\Users\\ACER\\Documents\\CHENDA\\chenda\\server\\node_modules\\raw-body\\index.js:227:7)\n' +
        '    at IncomingMessage.onEnd (C:\\Users\\ACER\\Documents\\CHENDA\\chenda\\server\\node_modules\\raw-body\\index.js:287:7)\n' +
        '    at IncomingMessage.emit (node:events:513:28)\n' +
        '    at endReadableNT (node:internal/streams/readable:1696:12)\n' +
        '    at processTicksAndRejections (node:internal/process/task_queues:90:21)'
    }

    [0m [90m 28 |[39m   
     [90m 29 |[39m   [90m// Log error[39m
    [31m[1m>[22m[39m[90m 30 |[39m   console[33m.[39merror([32m'Γ¥î Error:'[39m[33m,[39m {
     [90m    |[39m           [31m[1m^[22m[39m
     [90m 31 |[39m     message[33m:[39m err[33m.[39mmessage[33m,[39m
     [90m 32 |[39m     status[33m:[39m statusCode[33m,[39m
     [90m 33 |[39m     url[33m:[39m req[33m.[39moriginalUrl[33m,[39m[0m

      at error (middleware/errorHandler.js:30:11)
      at Layer.handleError (node_modules/router/lib/layer.js:116:17)
      at trimPrefix (node_modules/router/index.js:340:13)
      at node_modules/router/index.js:297:9
      at processParams (node_modules/router/index.js:582:12)
      at next (node_modules/router/index.js:291:5)
      at next (middleware/analyticsMiddleware.js:295:3)
      at Layer.handleError (node_modules/router/lib/layer.js:116:17)
      at trimPrefix (node_modules/router/index.js:340:13)
      at node_modules/router/index.js:297:9
      at processParams (node_modules/router/index.js:582:12)
      at next (node_modules/router/index.js:291:5)
      at Layer.handleError (node_modules/router/lib/layer.js:111:12)
      at trimPrefix (node_modules/router/index.js:340:13)
      at node_modules/router/index.js:297:9
      at processParams (node_modules/router/index.js:582:12)
      at next (node_modules/router/index.js:291:5)
      at Layer.handleError (node_modules/router/lib/layer.js:111:12)
      at trimPrefix (node_modules/router/index.js:340:13)
      at node_modules/router/index.js:297:9
      at processParams (node_modules/router/index.js:582:12)
      at next (node_modules/router/index.js:291:5)
      at Layer.handleError (node_modules/router/lib/layer.js:111:12)
      at trimPrefix (node_modules/router/index.js:340:13)
      at node_modules/router/index.js:297:9
      at processParams (node_modules/router/index.js:582:12)
      at next (node_modules/router/index.js:291:5)
      at Layer.handleError (node_modules/router/lib/layer.js:111:12)
      at trimPrefix (node_modules/router/index.js:340:13)
      at node_modules/router/index.js:297:9
      at processParams (node_modules/router/index.js:582:12)
      at next (node_modules/router/index.js:291:5)
      at Layer.handleError (node_modules/router/lib/layer.js:111:12)
      at trimPrefix (node_modules/router/index.js:340:13)
      at node_modules/router/index.js:297:9
      at processParams (node_modules/router/index.js:582:12)
      at next (node_modules/router/index.js:291:5)
      at Layer.handleError (node_modules/router/lib/layer.js:111:12)
      at trimPrefix (node_modules/router/index.js:340:13)
      at node_modules/router/index.js:297:9
      at processParams (node_modules/router/index.js:582:12)
      at next (node_modules/router/index.js:291:5)
      at Layer.handleError (node_modules/router/lib/layer.js:111:12)
      at trimPrefix (node_modules/router/index.js:340:13)
      at node_modules/router/index.js:297:9
      at processParams (node_modules/router/index.js:582:12)
      at next (node_modules/router/index.js:291:5)
      at Layer.handleError (node_modules/router/lib/layer.js:111:12)
      at trimPrefix (node_modules/router/index.js:340:13)
      at node_modules/router/index.js:297:9
      at processParams (node_modules/router/index.js:582:12)
      at next (node_modules/router/index.js:291:5)
      at Layer.handleError (node_modules/router/lib/layer.js:111:12)
      at trimPrefix (node_modules/router/index.js:340:13)
      at node_modules/router/index.js:297:9
      at processParams (node_modules/router/index.js:582:12)
      at next (node_modules/router/index.js:291:5)
      at Layer.handleRequest (node_modules/router/lib/layer.js:165:5)
      at trimPrefix (node_modules/router/index.js:342:13)
      at node_modules/router/index.js:297:9
      at processParams (node_modules/router/index.js:582:12)
      at next (node_modules/router/index.js:291:5)
      at read (node_modules/body-parser/lib/read.js:42:5)
      at urlencodedParser (node_modules/body-parser/lib/types/urlencoded.js:57:5)
      at Layer.handleRequest (node_modules/router/lib/layer.js:152:17)
      at trimPrefix (node_modules/router/index.js:342:13)
      at node_modules/router/index.js:297:9
      at processParams (node_modules/router/index.js:582:12)
      at next (node_modules/router/index.js:291:5)
      at node_modules/body-parser/lib/read.js:171:5
      at invokeCallback (node_modules/raw-body/index.js:238:16)
      at done (node_modules/raw-body/index.js:227:7)
      at IncomingMessage.onEnd (node_modules/raw-body/index.js:287:7)

  console.error
    Γ¥î Error: {
      message: 'Cannot set property query of [object Object] which has only a getter',
      status: 500,
      url: '/api/auth/login',
      method: 'POST',
      stack: 'TypeError: Cannot set property query of [object Object] which has only a getter\n' +
        '    at C:\\Users\\ACER\\Documents\\CHENDA\\chenda\\server\\node_modules\\xss-clean\\src\\index.js:10:20\n' +
        '    at Layer.handleRequest (C:\\Users\\ACER\\Documents\\CHENDA\\chenda\\server\\node_modules\\router\\lib\\layer.js:152:17)\n' +
        '    at trimPrefix (C:\\Users\\ACER\\Documents\\CHENDA\\chenda\\server\\node_modules\\router\\index.js:342:13)\n' +
        '    at C:\\Users\\ACER\\Documents\\CHENDA\\chenda\\server\\node_modules\\router\\index.js:297:9\n' +
        '    at processParams (C:\\Users\\ACER\\Documents\\CHENDA\\chenda\\server\\node_modules\\router\\index.js:582:12)\n' +
        '    at next (C:\\Users\\ACER\\Documents\\CHENDA\\chenda\\server\\node_modules\\router\\index.js:291:5)\n' +
        '    at read (C:\\Users\\ACER\\Documents\\CHENDA\\chenda\\server\\node_modules\\body-parser\\lib\\read.js:42:5)\n' +
        '    at urlencodedParser (C:\\Users\\ACER\\Documents\\CHENDA\\chenda\\server\\node_modules\\body-parser\\lib\\types\\urlencoded.js:57:5)\n' +
        '    at Layer.handleRequest (C:\\Users\\ACER\\Documents\\CHENDA\\chenda\\server\\node_modules\\router\\lib\\layer.js:152:17)\n' +
        '    at trimPrefix (C:\\Users\\ACER\\Documents\\CHENDA\\chenda\\server\\node_modules\\router\\index.js:342:13)\n' +
        '    at C:\\Users\\ACER\\Documents\\CHENDA\\chenda\\server\\node_modules\\router\\index.js:297:9\n' +
        '    at processParams (C:\\Users\\ACER\\Documents\\CHENDA\\chenda\\server\\node_modules\\router\\index.js:582:12)\n' +
        '    at next (C:\\Users\\ACER\\Documents\\CHENDA\\chenda\\server\\node_modules\\router\\index.js:291:5)\n' +
        '    at C:\\Users\\ACER\\Documents\\CHENDA\\chenda\\server\\node_modules\\body-parser\\lib\\read.js:171:5\n' +
        '    at AsyncResource.runInAsyncScope (node:async_hooks:211:14)\n' +
        '    at invokeCallback (C:\\Users\\ACER\\Documents\\CHENDA\\chenda\\server\\node_modules\\raw-body\\index.js:238:16)\n' +
        '    at done (C:\\Users\\ACER\\Documents\\CHENDA\\chenda\\server\\node_modules\\raw-body\\index.js:227:7)\n' +
        '    at IncomingMessage.onEnd (C:\\Users\\ACER\\Documents\\CHENDA\\chenda\\server\\node_modules\\raw-body\\index.js:287:7)\n' +
        '    at IncomingMessage.emit (node:events:513:28)\n' +
        '    at endReadableNT (node:internal/streams/readable:1696:12)\n' +
        '    at processTicksAndRejections (node:internal/process/task_queues:90:21)'
    }

    [0m [90m 28 |[39m   
     [90m 29 |[39m   [90m// Log error[39m
    [31m[1m>[22m[39m[90m 30 |[39m   console[33m.[39merror([32m'Γ¥î Error:'[39m[33m,[39m {
     [90m    |[39m           [31m[1m^[22m[39m
     [90m 31 |[39m     message[33m:[39m err[33m.[39mmessage[33m,[39m
     [90m 32 |[39m     status[33m:[39m statusCode[33m,[39m
     [90m 33 |[39m     url[33m:[39m req[33m.[39moriginalUrl[33m,[39m[0m

      at error (middleware/errorHandler.js:30:11)
      at Layer.handleError (node_modules/router/lib/layer.js:116:17)
      at trimPrefix (node_modules/router/index.js:340:13)
      at node_modules/router/index.js:297:9
      at processParams (node_modules/router/index.js:582:12)
      at next (node_modules/router/index.js:291:5)
      at next (middleware/analyticsMiddleware.js:295:3)
      at Layer.handleError (node_modules/router/lib/layer.js:116:17)
      at trimPrefix (node_modules/router/index.js:340:13)
      at node_modules/router/index.js:297:9
      at processParams (node_modules/router/index.js:582:12)
      at next (node_modules/router/index.js:291:5)
      at Layer.handleError (node_modules/router/lib/layer.js:111:12)
      at trimPrefix (node_modules/router/index.js:340:13)
      at node_modules/router/index.js:297:9
      at processParams (node_modules/router/index.js:582:12)
      at next (node_modules/router/index.js:291:5)
      at Layer.handleError (node_modules/router/lib/layer.js:111:12)
      at trimPrefix (node_modules/router/index.js:340:13)
      at node_modules/router/index.js:297:9
      at processParams (node_modules/router/index.js:582:12)
      at next (node_modules/router/index.js:291:5)
      at Layer.handleError (node_modules/router/lib/layer.js:111:12)
      at trimPrefix (node_modules/router/index.js:340:13)
      at node_modules/router/index.js:297:9
      at processParams (node_modules/router/index.js:582:12)
      at next (node_modules/router/index.js:291:5)
      at Layer.handleError (node_modules/router/lib/layer.js:111:12)
      at trimPrefix (node_modules/router/index.js:340:13)
      at node_modules/router/index.js:297:9
      at processParams (node_modules/router/index.js:582:12)
      at next (node_modules/router/index.js:291:5)
      at Layer.handleError (node_modules/router/lib/layer.js:111:12)
      at trimPrefix (node_modules/router/index.js:340:13)
      at node_modules/router/index.js:297:9
      at processParams (node_modules/router/index.js:582:12)
      at next (node_modules/router/index.js:291:5)
      at Layer.handleError (node_modules/router/lib/layer.js:111:12)
      at trimPrefix (node_modules/router/index.js:340:13)
      at node_modules/router/index.js:297:9
      at processParams (node_modules/router/index.js:582:12)
      at next (node_modules/router/index.js:291:5)
      at Layer.handleError (node_modules/router/lib/layer.js:111:12)
      at trimPrefix (node_modules/router/index.js:340:13)
      at node_modules/router/index.js:297:9
      at processParams (node_modules/router/index.js:582:12)
      at next (node_modules/router/index.js:291:5)
      at Layer.handleError (node_modules/router/lib/layer.js:111:12)
      at trimPrefix (node_modules/router/index.js:340:13)
      at node_modules/router/index.js:297:9
      at processParams (node_modules/router/index.js:582:12)
      at next (node_modules/router/index.js:291:5)
      at Layer.handleError (node_modules/router/lib/layer.js:111:12)
      at trimPrefix (node_modules/router/index.js:340:13)
      at node_modules/router/index.js:297:9
      at processParams (node_modules/router/index.js:582:12)
      at next (node_modules/router/index.js:291:5)
      at Layer.handleRequest (node_modules/router/lib/layer.js:165:5)
      at trimPrefix (node_modules/router/index.js:342:13)
      at node_modules/router/index.js:297:9
      at processParams (node_modules/router/index.js:582:12)
      at next (node_modules/router/index.js:291:5)
      at read (node_modules/body-parser/lib/read.js:42:5)
      at urlencodedParser (node_modules/body-parser/lib/types/urlencoded.js:57:5)
      at Layer.handleRequest (node_modules/router/lib/layer.js:152:17)
      at trimPrefix (node_modules/router/index.js:342:13)
      at node_modules/router/index.js:297:9
      at processParams (node_modules/router/index.js:582:12)
      at next (node_modules/router/index.js:291:5)
      at node_modules/body-parser/lib/read.js:171:5
      at invokeCallback (node_modules/raw-body/index.js:238:16)
      at done (node_modules/raw-body/index.js:227:7)
      at IncomingMessage.onEnd (node_modules/raw-body/index.js:287:7)

  console.error
    Γ¥î Error: {
      message: 'Cannot set property query of [object Object] which has only a getter',
      status: 500,
      url: '/api/auth/me',
      method: 'GET',
      stack: 'TypeError: Cannot set property query of [object Object] which has only a getter\n' +
        '    at C:\\Users\\ACER\\Documents\\CHENDA\\chenda\\server\\node_modules\\xss-clean\\src\\index.js:10:20\n' +
        '    at Layer.handleRequest (C:\\Users\\ACER\\Documents\\CHENDA\\chenda\\server\\node_modules\\router\\lib\\layer.js:152:17)\n' +
        '    at trimPrefix (C:\\Users\\ACER\\Documents\\CHENDA\\chenda\\server\\node_modules\\router\\index.js:342:13)\n' +
        '    at C:\\Users\\ACER\\Documents\\CHENDA\\chenda\\server\\node_modules\\router\\index.js:297:9\n' +
        '    at processParams (C:\\Users\\ACER\\Documents\\CHENDA\\chenda\\server\\node_modules\\router\\index.js:582:12)\n' +
        '    at next (C:\\Users\\ACER\\Documents\\CHENDA\\chenda\\server\\node_modules\\router\\index.js:291:5)\n' +
        '    at read (C:\\Users\\ACER\\Documents\\CHENDA\\chenda\\server\\node_modules\\body-parser\\lib\\read.js:53:5)\n' +
        '    at urlencodedParser (C:\\Users\\ACER\\Documents\\CHENDA\\chenda\\server\\node_modules\\body-parser\\lib\\types\\urlencoded.js:57:5)\n' +
        '    at Layer.handleRequest (C:\\Users\\ACER\\Documents\\CHENDA\\chenda\\server\\node_modules\\router\\lib\\layer.js:152:17)\n' +
        '    at trimPrefix (C:\\Users\\ACER\\Documents\\CHENDA\\chenda\\server\\node_modules\\router\\index.js:342:13)\n' +
        '    at C:\\Users\\ACER\\Documents\\CHENDA\\chenda\\server\\node_modules\\router\\index.js:297:9\n' +
        '    at processParams (C:\\Users\\ACER\\Documents\\CHENDA\\chenda\\server\\node_modules\\router\\index.js:582:12)\n' +
        '    at next (C:\\Users\\ACER\\Documents\\CHENDA\\chenda\\server\\node_modules\\router\\index.js:291:5)\n' +
        '    at read (C:\\Users\\ACER\\Documents\\CHENDA\\chenda\\server\\node_modules\\body-parser\\lib\\read.js:53:5)\n' +
        '    at jsonParser (C:\\Users\\ACER\\Documents\\CHENDA\\chenda\\server\\node_modules\\body-parser\\lib\\types\\json.js:88:5)\n' +
        '    at Layer.handleRequest (C:\\Users\\ACER\\Documents\\CHENDA\\chenda\\server\\node_modules\\router\\lib\\layer.js:152:17)\n' +
        '    at trimPrefix (C:\\Users\\ACER\\Documents\\CHENDA\\chenda\\server\\node_modules\\router\\index.js:342:13)\n' +
        '    at C:\\Users\\ACER\\Documents\\CHENDA\\chenda\\server\\node_modules\\router\\index.js:297:9\n' +
        '    at processParams (C:\\Users\\ACER\\Documents\\CHENDA\\chenda\\server\\node_modules\\router\\index.js:582:12)\n' +
        '    at next (C:\\Users\\ACER\\Documents\\CHENDA\\chenda\\server\\node_modules\\router\\index.js:291:5)\n' +
        '    at C:\\Users\\ACER\\Documents\\CHENDA\\chenda\\server\\node_modules\\express-rate-limit\\dist\\index.cjs:942:7\n' +
        '    at processTicksAndRejections (node:internal/process/task_queues:105:5)\n' +
        '    at C:\\Users\\ACER\\Documents\\CHENDA\\chenda\\server\\node_modules\\express-rate-limit\\dist\\index.cjs:825:5'
    }

    [0m [90m 28 |[39m   
     [90m 29 |[39m   [90m// Log error[39m
    [31m[1m>[22m[39m[90m 30 |[39m   console[33m.[39merror([32m'Γ¥î Error:'[39m[33m,[39m {
     [90m    |[39m           [31m[1m^[22m[39m
     [90m 31 |[39m     message[33m:[39m err[33m.[39mmessage[33m,[39m
     [90m 32 |[39m     status[33m:[39m statusCode[33m,[39m
     [90m 33 |[39m     url[33m:[39m req[33m.[39moriginalUrl[33m,[39m[0m

      at error (middleware/errorHandler.js:30:11)
      at Layer.handleError (node_modules/router/lib/layer.js:116:17)
      at trimPrefix (node_modules/router/index.js:340:13)
      at node_modules/router/index.js:297:9
      at processParams (node_modules/router/index.js:582:12)
      at next (node_modules/router/index.js:291:5)
      at next (middleware/analyticsMiddleware.js:295:3)
      at Layer.handleError (node_modules/router/lib/layer.js:116:17)
      at trimPrefix (node_modules/router/index.js:340:13)
      at node_modules/router/index.js:297:9
      at processParams (node_modules/router/index.js:582:12)
      at next (node_modules/router/index.js:291:5)
      at Layer.handleError (node_modules/router/lib/layer.js:111:12)
      at trimPrefix (node_modules/router/index.js:340:13)
      at node_modules/router/index.js:297:9
      at processParams (node_modules/router/index.js:582:12)
      at next (node_modules/router/index.js:291:5)
      at Layer.handleError (node_modules/router/lib/layer.js:111:12)
      at trimPrefix (node_modules/router/index.js:340:13)
      at node_modules/router/index.js:297:9
      at processParams (node_modules/router/index.js:582:12)
      at next (node_modules/router/index.js:291:5)
      at Layer.handleError (node_modules/router/lib/layer.js:111:12)
      at trimPrefix (node_modules/router/index.js:340:13)
      at node_modules/router/index.js:297:9
      at processParams (node_modules/router/index.js:582:12)
      at next (node_modules/router/index.js:291:5)
      at Layer.handleError (node_modules/router/lib/layer.js:111:12)
      at trimPrefix (node_modules/router/index.js:340:13)
      at node_modules/router/index.js:297:9
      at processParams (node_modules/router/index.js:582:12)
      at next (node_modules/router/index.js:291:5)
      at Layer.handleError (node_modules/router/lib/layer.js:111:12)
      at trimPrefix (node_modules/router/index.js:340:13)
      at node_modules/router/index.js:297:9
      at processParams (node_modules/router/index.js:582:12)
      at next (node_modules/router/index.js:291:5)
      at Layer.handleError (node_modules/router/lib/layer.js:111:12)
      at trimPrefix (node_modules/router/index.js:340:13)
      at node_modules/router/index.js:297:9
      at processParams (node_modules/router/index.js:582:12)
      at next (node_modules/router/index.js:291:5)
      at Layer.handleError (node_modules/router/lib/layer.js:111:12)
      at trimPrefix (node_modules/router/index.js:340:13)
      at node_modules/router/index.js:297:9
      at processParams (node_modules/router/index.js:582:12)
      at next (node_modules/router/index.js:291:5)
      at Layer.handleError (node_modules/router/lib/layer.js:111:12)
      at trimPrefix (node_modules/router/index.js:340:13)
      at node_modules/router/index.js:297:9
      at processParams (node_modules/router/index.js:582:12)
      at next (node_modules/router/index.js:291:5)
      at Layer.handleError (node_modules/router/lib/layer.js:111:12)
      at trimPrefix (node_modules/router/index.js:340:13)
      at node_modules/router/index.js:297:9
      at processParams (node_modules/router/index.js:582:12)
      at next (node_modules/router/index.js:291:5)
      at Layer.handleRequest (node_modules/router/lib/layer.js:165:5)
      at trimPrefix (node_modules/router/index.js:342:13)
      at node_modules/router/index.js:297:9
      at processParams (node_modules/router/index.js:582:12)
      at next (node_modules/router/index.js:291:5)
      at read (node_modules/body-parser/lib/read.js:53:5)
      at urlencodedParser (node_modules/body-parser/lib/types/urlencoded.js:57:5)
      at Layer.handleRequest (node_modules/router/lib/layer.js:152:17)
      at trimPrefix (node_modules/router/index.js:342:13)
      at node_modules/router/index.js:297:9
      at processParams (node_modules/router/index.js:582:12)
      at next (node_modules/router/index.js:291:5)
      at read (node_modules/body-parser/lib/read.js:53:5)
      at jsonParser (node_modules/body-parser/lib/types/json.js:88:5)
      at Layer.handleRequest (node_modules/router/lib/layer.js:152:17)
      at trimPrefix (node_modules/router/index.js:342:13)
      at node_modules/router/index.js:297:9
      at processParams (node_modules/router/index.js:582:12)
      at next (node_modules/router/index.js:291:5)
      at node_modules/express-rate-limit/dist/index.cjs:942:7
      at node_modules/express-rate-limit/dist/index.cjs:825:5

  console.error
    Γ¥î Error: {
      message: 'Cannot set property query of [object Object] which has only a getter',
      status: 500,
      url: '/api/auth/login',
      method: 'POST',
      stack: 'TypeError: Cannot set property query of [object Object] which has only a getter\n' +
        '    at C:\\Users\\ACER\\Documents\\CHENDA\\chenda\\server\\node_modules\\xss-clean\\src\\index.js:10:20\n' +
        '    at Layer.handleRequest (C:\\Users\\ACER\\Documents\\CHENDA\\chenda\\server\\node_modules\\router\\lib\\layer.js:152:17)\n' +
        '    at trimPrefix (C:\\Users\\ACER\\Documents\\CHENDA\\chenda\\server\\node_modules\\router\\index.js:342:13)\n' +
        '    at C:\\Users\\ACER\\Documents\\CHENDA\\chenda\\server\\node_modules\\router\\index.js:297:9\n' +
        '    at processParams (C:\\Users\\ACER\\Documents\\CHENDA\\chenda\\server\\node_modules\\router\\index.js:582:12)\n' +
        '    at next (C:\\Users\\ACER\\Documents\\CHENDA\\chenda\\server\\node_modules\\router\\index.js:291:5)\n' +
        '    at read (C:\\Users\\ACER\\Documents\\CHENDA\\chenda\\server\\node_modules\\body-parser\\lib\\read.js:42:5)\n' +
        '    at urlencodedParser (C:\\Users\\ACER\\Documents\\CHENDA\\chenda\\server\\node_modules\\body-parser\\lib\\types\\urlencoded.js:57:5)\n' +
        '    at Layer.handleRequest (C:\\Users\\ACER\\Documents\\CHENDA\\chenda\\server\\node_modules\\router\\lib\\layer.js:152:17)\n' +
        '    at trimPrefix (C:\\Users\\ACER\\Documents\\CHENDA\\chenda\\server\\node_modules\\router\\index.js:342:13)\n' +
        '    at C:\\Users\\ACER\\Documents\\CHENDA\\chenda\\server\\node_modules\\router\\index.js:297:9\n' +
        '    at processParams (C:\\Users\\ACER\\Documents\\CHENDA\\chenda\\server\\node_modules\\router\\index.js:582:12)\n' +
        '    at next (C:\\Users\\ACER\\Documents\\CHENDA\\chenda\\server\\node_modules\\router\\index.js:291:5)\n' +
        '    at C:\\Users\\ACER\\Documents\\CHENDA\\chenda\\server\\node_modules\\body-parser\\lib\\read.js:171:5\n' +
        '    at AsyncResource.runInAsyncScope (node:async_hooks:211:14)\n' +
        '    at invokeCallback (C:\\Users\\ACER\\Documents\\CHENDA\\chenda\\server\\node_modules\\raw-body\\index.js:238:16)\n' +
        '    at done (C:\\Users\\ACER\\Documents\\CHENDA\\chenda\\server\\node_modules\\raw-body\\index.js:227:7)\n' +
        '    at IncomingMessage.onEnd (C:\\Users\\ACER\\Documents\\CHENDA\\chenda\\server\\node_modules\\raw-body\\index.js:287:7)\n' +
        '    at IncomingMessage.emit (node:events:513:28)\n' +
        '    at endReadableNT (node:internal/streams/readable:1696:12)\n' +
        '    at processTicksAndRejections (node:internal/process/task_queues:90:21)'
    }

    [0m [90m 28 |[39m   
     [90m 29 |[39m   [90m// Log error[39m
    [31m[1m>[22m[39m[90m 30 |[39m   console[33m.[39merror([32m'Γ¥î Error:'[39m[33m,[39m {
     [90m    |[39m           [31m[1m^[22m[39m
     [90m 31 |[39m     message[33m:[39m err[33m.[39mmessage[33m,[39m
     [90m 32 |[39m     status[33m:[39m statusCode[33m,[39m
     [90m 33 |[39m     url[33m:[39m req[33m.[39moriginalUrl[33m,[39m[0m

      at error (middleware/errorHandler.js:30:11)
      at Layer.handleError (node_modules/router/lib/layer.js:116:17)
      at trimPrefix (node_modules/router/index.js:340:13)
      at node_modules/router/index.js:297:9
      at processParams (node_modules/router/index.js:582:12)
      at next (node_modules/router/index.js:291:5)
      at next (middleware/analyticsMiddleware.js:295:3)
      at Layer.handleError (node_modules/router/lib/layer.js:116:17)
      at trimPrefix (node_modules/router/index.js:340:13)
      at node_modules/router/index.js:297:9
      at processParams (node_modules/router/index.js:582:12)
      at next (node_modules/router/index.js:291:5)
      at Layer.handleError (node_modules/router/lib/layer.js:111:12)
      at trimPrefix (node_modules/router/index.js:340:13)
      at node_modules/router/index.js:297:9
      at processParams (node_modules/router/index.js:582:12)
      at next (node_modules/router/index.js:291:5)
      at Layer.handleError (node_modules/router/lib/layer.js:111:12)
      at trimPrefix (node_modules/router/index.js:340:13)
      at node_modules/router/index.js:297:9
      at processParams (node_modules/router/index.js:582:12)
      at next (node_modules/router/index.js:291:5)
      at Layer.handleError (node_modules/router/lib/layer.js:111:12)
      at trimPrefix (node_modules/router/index.js:340:13)
      at node_modules/router/index.js:297:9
      at processParams (node_modules/router/index.js:582:12)
      at next (node_modules/router/index.js:291:5)
      at Layer.handleError (node_modules/router/lib/layer.js:111:12)
      at trimPrefix (node_modules/router/index.js:340:13)
      at node_modules/router/index.js:297:9
      at processParams (node_modules/router/index.js:582:12)
      at next (node_modules/router/index.js:291:5)
      at Layer.handleError (node_modules/router/lib/layer.js:111:12)
      at trimPrefix (node_modules/router/index.js:340:13)
      at node_modules/router/index.js:297:9
      at processParams (node_modules/router/index.js:582:12)
      at next (node_modules/router/index.js:291:5)
      at Layer.handleError (node_modules/router/lib/layer.js:111:12)
      at trimPrefix (node_modules/router/index.js:340:13)
      at node_modules/router/index.js:297:9
      at processParams (node_modules/router/index.js:582:12)
      at next (node_modules/router/index.js:291:5)
      at Layer.handleError (node_modules/router/lib/layer.js:111:12)
      at trimPrefix (node_modules/router/index.js:340:13)
      at node_modules/router/index.js:297:9
      at processParams (node_modules/router/index.js:582:12)
      at next (node_modules/router/index.js:291:5)
      at Layer.handleError (node_modules/router/lib/layer.js:111:12)
      at trimPrefix (node_modules/router/index.js:340:13)
      at node_modules/router/index.js:297:9
      at processParams (node_modules/router/index.js:582:12)
      at next (node_modules/router/index.js:291:5)
      at Layer.handleError (node_modules/router/lib/layer.js:111:12)
      at trimPrefix (node_modules/router/index.js:340:13)
      at node_modules/router/index.js:297:9
      at processParams (node_modules/router/index.js:582:12)
      at next (node_modules/router/index.js:291:5)
      at Layer.handleRequest (node_modules/router/lib/layer.js:165:5)
      at trimPrefix (node_modules/router/index.js:342:13)
      at node_modules/router/index.js:297:9
      at processParams (node_modules/router/index.js:582:12)
      at next (node_modules/router/index.js:291:5)
      at read (node_modules/body-parser/lib/read.js:42:5)
      at urlencodedParser (node_modules/body-parser/lib/types/urlencoded.js:57:5)
      at Layer.handleRequest (node_modules/router/lib/layer.js:152:17)
      at trimPrefix (node_modules/router/index.js:342:13)
      at node_modules/router/index.js:297:9
      at processParams (node_modules/router/index.js:582:12)
      at next (node_modules/router/index.js:291:5)
      at node_modules/body-parser/lib/read.js:171:5
      at invokeCallback (node_modules/raw-body/index.js:238:16)
      at done (node_modules/raw-body/index.js:227:7)
      at IncomingMessage.onEnd (node_modules/raw-body/index.js:287:7)

  console.error
    Γ¥î Error: {
      message: 'Cannot set property query of [object Object] which has only a getter',
      status: 500,
      url: '/api/auth/logout',
      method: 'POST',
      stack: 'TypeError: Cannot set property query of [object Object] which has only a getter\n' +
        '    at C:\\Users\\ACER\\Documents\\CHENDA\\chenda\\server\\node_modules\\xss-clean\\src\\index.js:10:20\n' +
        '    at Layer.handleRequest (C:\\Users\\ACER\\Documents\\CHENDA\\chenda\\server\\node_modules\\router\\lib\\layer.js:152:17)\n' +
        '    at trimPrefix (C:\\Users\\ACER\\Documents\\CHENDA\\chenda\\server\\node_modules\\router\\index.js:342:13)\n' +
        '    at C:\\Users\\ACER\\Documents\\CHENDA\\chenda\\server\\node_modules\\router\\index.js:297:9\n' +
        '    at processParams (C:\\Users\\ACER\\Documents\\CHENDA\\chenda\\server\\node_modules\\router\\index.js:582:12)\n' +
        '    at next (C:\\Users\\ACER\\Documents\\CHENDA\\chenda\\server\\node_modules\\router\\index.js:291:5)\n' +
        '    at read (C:\\Users\\ACER\\Documents\\CHENDA\\chenda\\server\\node_modules\\body-parser\\lib\\read.js:62:5)\n' +
        '    at urlencodedParser (C:\\Users\\ACER\\Documents\\CHENDA\\chenda\\server\\node_modules\\body-parser\\lib\\types\\urlencoded.js:57:5)\n' +
        '    at Layer.handleRequest (C:\\Users\\ACER\\Documents\\CHENDA\\chenda\\server\\node_modules\\router\\lib\\layer.js:152:17)\n' +
        '    at trimPrefix (C:\\Users\\ACER\\Documents\\CHENDA\\chenda\\server\\node_modules\\router\\index.js:342:13)\n' +
        '    at C:\\Users\\ACER\\Documents\\CHENDA\\chenda\\server\\node_modules\\router\\index.js:297:9\n' +
        '    at processParams (C:\\Users\\ACER\\Documents\\CHENDA\\chenda\\server\\node_modules\\router\\index.js:582:12)\n' +
        '    at next (C:\\Users\\ACER\\Documents\\CHENDA\\chenda\\server\\node_modules\\router\\index.js:291:5)\n' +
        '    at read (C:\\Users\\ACER\\Documents\\CHENDA\\chenda\\server\\node_modules\\body-parser\\lib\\read.js:62:5)\n' +
        '    at jsonParser (C:\\Users\\ACER\\Documents\\CHENDA\\chenda\\server\\node_modules\\body-parser\\lib\\types\\json.js:88:5)\n' +
        '    at Layer.handleRequest (C:\\Users\\ACER\\Documents\\CHENDA\\chenda\\server\\node_modules\\router\\lib\\layer.js:152:17)\n' +
        '    at trimPrefix (C:\\Users\\ACER\\Documents\\CHENDA\\chenda\\server\\node_modules\\router\\index.js:342:13)\n' +
        '    at C:\\Users\\ACER\\Documents\\CHENDA\\chenda\\server\\node_modules\\router\\index.js:297:9\n' +
        '    at processParams (C:\\Users\\ACER\\Documents\\CHENDA\\chenda\\server\\node_modules\\router\\index.js:582:12)\n' +
        '    at next (C:\\Users\\ACER\\Documents\\CHENDA\\chenda\\server\\node_modules\\router\\index.js:291:5)\n' +
        '    at C:\\Users\\ACER\\Documents\\CHENDA\\chenda\\server\\node_modules\\express-rate-limit\\dist\\index.cjs:942:7\n' +
        '    at processTicksAndRejections (node:internal/process/task_queues:105:5)\n' +
        '    at C:\\Users\\ACER\\Documents\\CHENDA\\chenda\\server\\node_modules\\express-rate-limit\\dist\\index.cjs:825:5'
    }

    [0m [90m 28 |[39m   
     [90m 29 |[39m   [90m// Log error[39m
    [31m[1m>[22m[39m[90m 30 |[39m   console[33m.[39merror([32m'Γ¥î Error:'[39m[33m,[39m {
     [90m    |[39m           [31m[1m^[22m[39m
     [90m 31 |[39m     message[33m:[39m err[33m.[39mmessage[33m,[39m
     [90m 32 |[39m     status[33m:[39m statusCode[33m,[39m
     [90m 33 |[39m     url[33m:[39m req[33m.[39moriginalUrl[33m,[39m[0m

      at error (middleware/errorHandler.js:30:11)
      at Layer.handleError (node_modules/router/lib/layer.js:116:17)
      at trimPrefix (node_modules/router/index.js:340:13)
      at node_modules/router/index.js:297:9
      at processParams (node_modules/router/index.js:582:12)
      at next (node_modules/router/index.js:291:5)
      at next (middleware/analyticsMiddleware.js:295:3)
      at Layer.handleError (node_modules/router/lib/layer.js:116:17)
      at trimPrefix (node_modules/router/index.js:340:13)
      at node_modules/router/index.js:297:9
      at processParams (node_modules/router/index.js:582:12)
      at next (node_modules/router/index.js:291:5)
      at Layer.handleError (node_modules/router/lib/layer.js:111:12)
      at trimPrefix (node_modules/router/index.js:340:13)
      at node_modules/router/index.js:297:9
      at processParams (node_modules/router/index.js:582:12)
      at next (node_modules/router/index.js:291:5)
      at Layer.handleError (node_modules/router/lib/layer.js:111:12)
      at trimPrefix (node_modules/router/index.js:340:13)
      at node_modules/router/index.js:297:9
      at processParams (node_modules/router/index.js:582:12)
      at next (node_modules/router/index.js:291:5)
      at Layer.handleError (node_modules/router/lib/layer.js:111:12)
      at trimPrefix (node_modules/router/index.js:340:13)
      at node_modules/router/index.js:297:9
      at processParams (node_modules/router/index.js:582:12)
      at next (node_modules/router/index.js:291:5)
      at Layer.handleError (node_modules/router/lib/layer.js:111:12)
      at trimPrefix (node_modules/router/index.js:340:13)
      at node_modules/router/index.js:297:9
      at processParams (node_modules/router/index.js:582:12)
      at next (node_modules/router/index.js:291:5)
      at Layer.handleError (node_modules/router/lib/layer.js:111:12)
      at trimPrefix (node_modules/router/index.js:340:13)
      at node_modules/router/index.js:297:9
      at processParams (node_modules/router/index.js:582:12)
      at next (node_modules/router/index.js:291:5)
      at Layer.handleError (node_modules/router/lib/layer.js:111:12)
      at trimPrefix (node_modules/router/index.js:340:13)
      at node_modules/router/index.js:297:9
      at processParams (node_modules/router/index.js:582:12)
      at next (node_modules/router/index.js:291:5)
      at Layer.handleError (node_modules/router/lib/layer.js:111:12)
      at trimPrefix (node_modules/router/index.js:340:13)
      at node_modules/router/index.js:297:9
      at processParams (node_modules/router/index.js:582:12)
      at next (node_modules/router/index.js:291:5)
      at Layer.handleError (node_modules/router/lib/layer.js:111:12)
      at trimPrefix (node_modules/router/index.js:340:13)
      at node_modules/router/index.js:297:9
      at processParams (node_modules/router/index.js:582:12)
      at next (node_modules/router/index.js:291:5)
      at Layer.handleError (node_modules/router/lib/layer.js:111:12)
      at trimPrefix (node_modules/router/index.js:340:13)
      at node_modules/router/index.js:297:9
      at processParams (node_modules/router/index.js:582:12)
      at next (node_modules/router/index.js:291:5)
      at Layer.handleRequest (node_modules/router/lib/layer.js:165:5)
      at trimPrefix (node_modules/router/index.js:342:13)
      at node_modules/router/index.js:297:9
      at processParams (node_modules/router/index.js:582:12)
      at next (node_modules/router/index.js:291:5)
      at read (node_modules/body-parser/lib/read.js:62:5)
      at urlencodedParser (node_modules/body-parser/lib/types/urlencoded.js:57:5)
      at Layer.handleRequest (node_modules/router/lib/layer.js:152:17)
      at trimPrefix (node_modules/router/index.js:342:13)
      at node_modules/router/index.js:297:9
      at processParams (node_modules/router/index.js:582:12)
      at next (node_modules/router/index.js:291:5)
      at read (node_modules/body-parser/lib/read.js:62:5)
      at jsonParser (node_modules/body-parser/lib/types/json.js:88:5)
      at Layer.handleRequest (node_modules/router/lib/layer.js:152:17)
      at trimPrefix (node_modules/router/index.js:342:13)
      at node_modules/router/index.js:297:9
      at processParams (node_modules/router/index.js:582:12)
      at next (node_modules/router/index.js:291:5)
      at node_modules/express-rate-limit/dist/index.cjs:942:7
      at node_modules/express-rate-limit/dist/index.cjs:825:5

  console.error
    Γ¥î Error: {
      message: 'Cannot set property query of [object Object] which has only a getter',
      status: 500,
      url: '/api/auth/login',
      method: 'POST',
      stack: 'TypeError: Cannot set property query of [object Object] which has only a getter\n' +
        '    at C:\\Users\\ACER\\Documents\\CHENDA\\chenda\\server\\node_modules\\xss-clean\\src\\index.js:10:20\n' +
        '    at Layer.handleRequest (C:\\Users\\ACER\\Documents\\CHENDA\\chenda\\server\\node_modules\\router\\lib\\layer.js:152:17)\n' +
        '    at trimPrefix (C:\\Users\\ACER\\Documents\\CHENDA\\chenda\\server\\node_modules\\router\\index.js:342:13)\n' +
        '    at C:\\Users\\ACER\\Documents\\CHENDA\\chenda\\server\\node_modules\\router\\index.js:297:9\n' +
        '    at processParams (C:\\Users\\ACER\\Documents\\CHENDA\\chenda\\server\\node_modules\\router\\index.js:582:12)\n' +
        '    at next (C:\\Users\\ACER\\Documents\\CHENDA\\chenda\\server\\node_modules\\router\\index.js:291:5)\n' +
        '    at read (C:\\Users\\ACER\\Documents\\CHENDA\\chenda\\server\\node_modules\\body-parser\\lib\\read.js:42:5)\n' +
        '    at urlencodedParser (C:\\Users\\ACER\\Documents\\CHENDA\\chenda\\server\\node_modules\\body-parser\\lib\\types\\urlencoded.js:57:5)\n' +
        '    at Layer.handleRequest (C:\\Users\\ACER\\Documents\\CHENDA\\chenda\\server\\node_modules\\router\\lib\\layer.js:152:17)\n' +
        '    at trimPrefix (C:\\Users\\ACER\\Documents\\CHENDA\\chenda\\server\\node_modules\\router\\index.js:342:13)\n' +
        '    at C:\\Users\\ACER\\Documents\\CHENDA\\chenda\\server\\node_modules\\router\\index.js:297:9\n' +
        '    at processParams (C:\\Users\\ACER\\Documents\\CHENDA\\chenda\\server\\node_modules\\router\\index.js:582:12)\n' +
        '    at next (C:\\Users\\ACER\\Documents\\CHENDA\\chenda\\server\\node_modules\\router\\index.js:291:5)\n' +
        '    at C:\\Users\\ACER\\Documents\\CHENDA\\chenda\\server\\node_modules\\body-parser\\lib\\read.js:171:5\n' +
        '    at AsyncResource.runInAsyncScope (node:async_hooks:211:14)\n' +
        '    at invokeCallback (C:\\Users\\ACER\\Documents\\CHENDA\\chenda\\server\\node_modules\\raw-body\\index.js:238:16)\n' +
        '    at done (C:\\Users\\ACER\\Documents\\CHENDA\\chenda\\server\\node_modules\\raw-body\\index.js:227:7)\n' +
        '    at IncomingMessage.onEnd (C:\\Users\\ACER\\Documents\\CHENDA\\chenda\\server\\node_modules\\raw-body\\index.js:287:7)\n' +
        '    at IncomingMessage.emit (node:events:513:28)\n' +
        '    at endReadableNT (node:internal/streams/readable:1696:12)\n' +
        '    at processTicksAndRejections (node:internal/process/task_queues:90:21)'
    }

    [0m [90m 28 |[39m   
     [90m 29 |[39m   [90m// Log error[39m
    [31m[1m>[22m[39m[90m 30 |[39m   console[33m.[39merror([32m'Γ¥î Error:'[39m[33m,[39m {
     [90m    |[39m           [31m[1m^[22m[39m
     [90m 31 |[39m     message[33m:[39m err[33m.[39mmessage[33m,[39m
     [90m 32 |[39m     status[33m:[39m statusCode[33m,[39m
     [90m 33 |[39m     url[33m:[39m req[33m.[39moriginalUrl[33m,[39m[0m

      at error (middleware/errorHandler.js:30:11)
      at Layer.handleError (node_modules/router/lib/layer.js:116:17)
      at trimPrefix (node_modules/router/index.js:340:13)
      at node_modules/router/index.js:297:9
      at processParams (node_modules/router/index.js:582:12)
      at next (node_modules/router/index.js:291:5)
      at next (middleware/analyticsMiddleware.js:295:3)
      at Layer.handleError (node_modules/router/lib/layer.js:116:17)
      at trimPrefix (node_modules/router/index.js:340:13)
      at node_modules/router/index.js:297:9
      at processParams (node_modules/router/index.js:582:12)
      at next (node_modules/router/index.js:291:5)
      at Layer.handleError (node_modules/router/lib/layer.js:111:12)
      at trimPrefix (node_modules/router/index.js:340:13)
      at node_modules/router/index.js:297:9
      at processParams (node_modules/router/index.js:582:12)
      at next (node_modules/router/index.js:291:5)
      at Layer.handleError (node_modules/router/lib/layer.js:111:12)
      at trimPrefix (node_modules/router/index.js:340:13)
      at node_modules/router/index.js:297:9
      at processParams (node_modules/router/index.js:582:12)
      at next (node_modules/router/index.js:291:5)
      at Layer.handleError (node_modules/router/lib/layer.js:111:12)
      at trimPrefix (node_modules/router/index.js:340:13)
      at node_modules/router/index.js:297:9
      at processParams (node_modules/router/index.js:582:12)
      at next (node_modules/router/index.js:291:5)
      at Layer.handleError (node_modules/router/lib/layer.js:111:12)
      at trimPrefix (node_modules/router/index.js:340:13)
      at node_modules/router/index.js:297:9
      at processParams (node_modules/router/index.js:582:12)
      at next (node_modules/router/index.js:291:5)
      at Layer.handleError (node_modules/router/lib/layer.js:111:12)
      at trimPrefix (node_modules/router/index.js:340:13)
      at node_modules/router/index.js:297:9
      at processParams (node_modules/router/index.js:582:12)
      at next (node_modules/router/index.js:291:5)
      at Layer.handleError (node_modules/router/lib/layer.js:111:12)
      at trimPrefix (node_modules/router/index.js:340:13)
      at node_modules/router/index.js:297:9
      at processParams (node_modules/router/index.js:582:12)
      at next (node_modules/router/index.js:291:5)
      at Layer.handleError (node_modules/router/lib/layer.js:111:12)
      at trimPrefix (node_modules/router/index.js:340:13)
      at node_modules/router/index.js:297:9
      at processParams (node_modules/router/index.js:582:12)
      at next (node_modules/router/index.js:291:5)
      at Layer.handleError (node_modules/router/lib/layer.js:111:12)
      at trimPrefix (node_modules/router/index.js:340:13)
      at node_modules/router/index.js:297:9
      at processParams (node_modules/router/index.js:582:12)
      at next (node_modules/router/index.js:291:5)
      at Layer.handleError (node_modules/router/lib/layer.js:111:12)
      at trimPrefix (node_modules/router/index.js:340:13)
      at node_modules/router/index.js:297:9
      at processParams (node_modules/router/index.js:582:12)
      at next (node_modules/router/index.js:291:5)
      at Layer.handleRequest (node_modules/router/lib/layer.js:165:5)
      at trimPrefix (node_modules/router/index.js:342:13)
      at node_modules/router/index.js:297:9
      at processParams (node_modules/router/index.js:582:12)
      at next (node_modules/router/index.js:291:5)
      at read (node_modules/body-parser/lib/read.js:42:5)
      at urlencodedParser (node_modules/body-parser/lib/types/urlencoded.js:57:5)
      at Layer.handleRequest (node_modules/router/lib/layer.js:152:17)
      at trimPrefix (node_modules/router/index.js:342:13)
      at node_modules/router/index.js:297:9
      at processParams (node_modules/router/index.js:582:12)
      at next (node_modules/router/index.js:291:5)
      at node_modules/body-parser/lib/read.js:171:5
      at invokeCallback (node_modules/raw-body/index.js:238:16)
      at done (node_modules/raw-body/index.js:227:7)
      at IncomingMessage.onEnd (node_modules/raw-body/index.js:287:7)

  console.error
    Γ¥î Error: {
      message: 'Cannot set property query of [object Object] which has only a getter',
      status: 500,
      url: '/api/auth/login',
      method: 'POST',
      stack: 'TypeError: Cannot set property query of [object Object] which has only a getter\n' +
        '    at C:\\Users\\ACER\\Documents\\CHENDA\\chenda\\server\\node_modules\\xss-clean\\src\\index.js:10:20\n' +
        '    at Layer.handleRequest (C:\\Users\\ACER\\Documents\\CHENDA\\chenda\\server\\node_modules\\router\\lib\\layer.js:152:17)\n' +
        '    at trimPrefix (C:\\Users\\ACER\\Documents\\CHENDA\\chenda\\server\\node_modules\\router\\index.js:342:13)\n' +
        '    at C:\\Users\\ACER\\Documents\\CHENDA\\chenda\\server\\node_modules\\router\\index.js:297:9\n' +
        '    at processParams (C:\\Users\\ACER\\Documents\\CHENDA\\chenda\\server\\node_modules\\router\\index.js:582:12)\n' +
        '    at next (C:\\Users\\ACER\\Documents\\CHENDA\\chenda\\server\\node_modules\\router\\index.js:291:5)\n' +
        '    at read (C:\\Users\\ACER\\Documents\\CHENDA\\chenda\\server\\node_modules\\body-parser\\lib\\read.js:42:5)\n' +
        '    at urlencodedParser (C:\\Users\\ACER\\Documents\\CHENDA\\chenda\\server\\node_modules\\body-parser\\lib\\types\\urlencoded.js:57:5)\n' +
        '    at Layer.handleRequest (C:\\Users\\ACER\\Documents\\CHENDA\\chenda\\server\\node_modules\\router\\lib\\layer.js:152:17)\n' +
        '    at trimPrefix (C:\\Users\\ACER\\Documents\\CHENDA\\chenda\\server\\node_modules\\router\\index.js:342:13)\n' +
        '    at C:\\Users\\ACER\\Documents\\CHENDA\\chenda\\server\\node_modules\\router\\index.js:297:9\n' +
        '    at processParams (C:\\Users\\ACER\\Documents\\CHENDA\\chenda\\server\\node_modules\\router\\index.js:582:12)\n' +
        '    at next (C:\\Users\\ACER\\Documents\\CHENDA\\chenda\\server\\node_modules\\router\\index.js:291:5)\n' +
        '    at C:\\Users\\ACER\\Documents\\CHENDA\\chenda\\server\\node_modules\\body-parser\\lib\\read.js:171:5\n' +
        '    at AsyncResource.runInAsyncScope (node:async_hooks:211:14)\n' +
        '    at invokeCallback (C:\\Users\\ACER\\Documents\\CHENDA\\chenda\\server\\node_modules\\raw-body\\index.js:238:16)\n' +
        '    at done (C:\\Users\\ACER\\Documents\\CHENDA\\chenda\\server\\node_modules\\raw-body\\index.js:227:7)\n' +
        '    at IncomingMessage.onEnd (C:\\Users\\ACER\\Documents\\CHENDA\\chenda\\server\\node_modules\\raw-body\\index.js:287:7)\n' +
        '    at IncomingMessage.emit (node:events:513:28)\n' +
        '    at endReadableNT (node:internal/streams/readable:1696:12)\n' +
        '    at processTicksAndRejections (node:internal/process/task_queues:90:21)'
    }

    [0m [90m 28 |[39m   
     [90m 29 |[39m   [90m// Log error[39m
    [31m[1m>[22m[39m[90m 30 |[39m   console[33m.[39merror([32m'Γ¥î Error:'[39m[33m,[39m {
     [90m    |[39m           [31m[1m^[22m[39m
     [90m 31 |[39m     message[33m:[39m err[33m.[39mmessage[33m,[39m
     [90m 32 |[39m     status[33m:[39m statusCode[33m,[39m
     [90m 33 |[39m     url[33m:[39m req[33m.[39moriginalUrl[33m,[39m[0m

      at error (middleware/errorHandler.js:30:11)
      at Layer.handleError (node_modules/router/lib/layer.js:116:17)
      at trimPrefix (node_modules/router/index.js:340:13)
      at node_modules/router/index.js:297:9
      at processParams (node_modules/router/index.js:582:12)
      at next (node_modules/router/index.js:291:5)
      at next (middleware/analyticsMiddleware.js:295:3)
      at Layer.handleError (node_modules/router/lib/layer.js:116:17)
      at trimPrefix (node_modules/router/index.js:340:13)
      at node_modules/router/index.js:297:9
      at processParams (node_modules/router/index.js:582:12)
      at next (node_modules/router/index.js:291:5)
      at Layer.handleError (node_modules/router/lib/layer.js:111:12)
      at trimPrefix (node_modules/router/index.js:340:13)
      at node_modules/router/index.js:297:9
      at processParams (node_modules/router/index.js:582:12)
      at next (node_modules/router/index.js:291:5)
      at Layer.handleError (node_modules/router/lib/layer.js:111:12)
      at trimPrefix (node_modules/router/index.js:340:13)
      at node_modules/router/index.js:297:9
      at processParams (node_modules/router/index.js:582:12)
      at next (node_modules/router/index.js:291:5)
      at Layer.handleError (node_modules/router/lib/layer.js:111:12)
      at trimPrefix (node_modules/router/index.js:340:13)
      at node_modules/router/index.js:297:9
      at processParams (node_modules/router/index.js:582:12)
      at next (node_modules/router/index.js:291:5)
      at Layer.handleError (node_modules/router/lib/layer.js:111:12)
      at trimPrefix (node_modules/router/index.js:340:13)
      at node_modules/router/index.js:297:9
      at processParams (node_modules/router/index.js:582:12)
      at next (node_modules/router/index.js:291:5)
      at Layer.handleError (node_modules/router/lib/layer.js:111:12)
      at trimPrefix (node_modules/router/index.js:340:13)
      at node_modules/router/index.js:297:9
      at processParams (node_modules/router/index.js:582:12)
      at next (node_modules/router/index.js:291:5)
      at Layer.handleError (node_modules/router/lib/layer.js:111:12)
      at trimPrefix (node_modules/router/index.js:340:13)
      at node_modules/router/index.js:297:9
      at processParams (node_modules/router/index.js:582:12)
      at next (node_modules/router/index.js:291:5)
      at Layer.handleError (node_modules/router/lib/layer.js:111:12)
      at trimPrefix (node_modules/router/index.js:340:13)
      at node_modules/router/index.js:297:9
      at processParams (node_modules/router/index.js:582:12)
      at next (node_modules/router/index.js:291:5)
      at Layer.handleError (node_modules/router/lib/layer.js:111:12)
      at trimPrefix (node_modules/router/index.js:340:13)
      at node_modules/router/index.js:297:9
      at processParams (node_modules/router/index.js:582:12)
      at next (node_modules/router/index.js:291:5)
      at Layer.handleError (node_modules/router/lib/layer.js:111:12)
      at trimPrefix (node_modules/router/index.js:340:13)
      at node_modules/router/index.js:297:9
      at processParams (node_modules/router/index.js:582:12)
      at next (node_modules/router/index.js:291:5)
      at Layer.handleRequest (node_modules/router/lib/layer.js:165:5)
      at trimPrefix (node_modules/router/index.js:342:13)
      at node_modules/router/index.js:297:9
      at processParams (node_modules/router/index.js:582:12)
      at next (node_modules/router/index.js:291:5)
      at read (node_modules/body-parser/lib/read.js:42:5)
      at urlencodedParser (node_modules/body-parser/lib/types/urlencoded.js:57:5)
      at Layer.handleRequest (node_modules/router/lib/layer.js:152:17)
      at trimPrefix (node_modules/router/index.js:342:13)
      at node_modules/router/index.js:297:9
      at processParams (node_modules/router/index.js:582:12)
      at next (node_modules/router/index.js:291:5)
      at node_modules/body-parser/lib/read.js:171:5
      at invokeCallback (node_modules/raw-body/index.js:238:16)
      at done (node_modules/raw-body/index.js:227:7)
      at IncomingMessage.onEnd (node_modules/raw-body/index.js:287:7)

  console.error
    Γ¥î Error: {
      message: 'Cannot set property query of [object Object] which has only a getter',
      status: 500,
      url: '/api/auth/login',
      method: 'POST',
      stack: 'TypeError: Cannot set property query of [object Object] which has only a getter\n' +
        '    at C:\\Users\\ACER\\Documents\\CHENDA\\chenda\\server\\node_modules\\xss-clean\\src\\index.js:10:20\n' +
        '    at Layer.handleRequest (C:\\Users\\ACER\\Documents\\CHENDA\\chenda\\server\\node_modules\\router\\lib\\layer.js:152:17)\n' +
        '    at trimPrefix (C:\\Users\\ACER\\Documents\\CHENDA\\chenda\\server\\node_modules\\router\\index.js:342:13)\n' +
        '    at C:\\Users\\ACER\\Documents\\CHENDA\\chenda\\server\\node_modules\\router\\index.js:297:9\n' +
        '    at processParams (C:\\Users\\ACER\\Documents\\CHENDA\\chenda\\server\\node_modules\\router\\index.js:582:12)\n' +
        '    at next (C:\\Users\\ACER\\Documents\\CHENDA\\chenda\\server\\node_modules\\router\\index.js:291:5)\n' +
        '    at read (C:\\Users\\ACER\\Documents\\CHENDA\\chenda\\server\\node_modules\\body-parser\\lib\\read.js:42:5)\n' +
        '    at urlencodedParser (C:\\Users\\ACER\\Documents\\CHENDA\\chenda\\server\\node_modules\\body-parser\\lib\\types\\urlencoded.js:57:5)\n' +
        '    at Layer.handleRequest (C:\\Users\\ACER\\Documents\\CHENDA\\chenda\\server\\node_modules\\router\\lib\\layer.js:152:17)\n' +
        '    at trimPrefix (C:\\Users\\ACER\\Documents\\CHENDA\\chenda\\server\\node_modules\\router\\index.js:342:13)\n' +
        '    at C:\\Users\\ACER\\Documents\\CHENDA\\chenda\\server\\node_modules\\router\\index.js:297:9\n' +
        '    at processParams (C:\\Users\\ACER\\Documents\\CHENDA\\chenda\\server\\node_modules\\router\\index.js:582:12)\n' +
        '    at next (C:\\Users\\ACER\\Documents\\CHENDA\\chenda\\server\\node_modules\\router\\index.js:291:5)\n' +
        '    at C:\\Users\\ACER\\Documents\\CHENDA\\chenda\\server\\node_modules\\body-parser\\lib\\read.js:171:5\n' +
        '    at AsyncResource.runInAsyncScope (node:async_hooks:211:14)\n' +
        '    at invokeCallback (C:\\Users\\ACER\\Documents\\CHENDA\\chenda\\server\\node_modules\\raw-body\\index.js:238:16)\n' +
        '    at done (C:\\Users\\ACER\\Documents\\CHENDA\\chenda\\server\\node_modules\\raw-body\\index.js:227:7)\n' +
        '    at IncomingMessage.onEnd (C:\\Users\\ACER\\Documents\\CHENDA\\chenda\\server\\node_modules\\raw-body\\index.js:287:7)\n' +
        '    at IncomingMessage.emit (node:events:513:28)\n' +
        '    at endReadableNT (node:internal/streams/readable:1696:12)\n' +
        '    at processTicksAndRejections (node:internal/process/task_queues:90:21)'
    }

    [0m [90m 28 |[39m   
     [90m 29 |[39m   [90m// Log error[39m
    [31m[1m>[22m[39m[90m 30 |[39m   console[33m.[39merror([32m'Γ¥î Error:'[39m[33m,[39m {
     [90m    |[39m           [31m[1m^[22m[39m
     [90m 31 |[39m     message[33m:[39m err[33m.[39mmessage[33m,[39m
     [90m 32 |[39m     status[33m:[39m statusCode[33m,[39m
     [90m 33 |[39m     url[33m:[39m req[33m.[39moriginalUrl[33m,[39m[0m

      at error (middleware/errorHandler.js:30:11)
      at Layer.handleError (node_modules/router/lib/layer.js:116:17)
      at trimPrefix (node_modules/router/index.js:340:13)
      at node_modules/router/index.js:297:9
      at processParams (node_modules/router/index.js:582:12)
      at next (node_modules/router/index.js:291:5)
      at next (middleware/analyticsMiddleware.js:295:3)
      at Layer.handleError (node_modules/router/lib/layer.js:116:17)
      at trimPrefix (node_modules/router/index.js:340:13)
      at node_modules/router/index.js:297:9
      at processParams (node_modules/router/index.js:582:12)
      at next (node_modules/router/index.js:291:5)
      at Layer.handleError (node_modules/router/lib/layer.js:111:12)
      at trimPrefix (node_modules/router/index.js:340:13)
      at node_modules/router/index.js:297:9
      at processParams (node_modules/router/index.js:582:12)
      at next (node_modules/router/index.js:291:5)
      at Layer.handleError (node_modules/router/lib/layer.js:111:12)
      at trimPrefix (node_modules/router/index.js:340:13)
      at node_modules/router/index.js:297:9
      at processParams (node_modules/router/index.js:582:12)
      at next (node_modules/router/index.js:291:5)
      at Layer.handleError (node_modules/router/lib/layer.js:111:12)
      at trimPrefix (node_modules/router/index.js:340:13)
      at node_modules/router/index.js:297:9
      at processParams (node_modules/router/index.js:582:12)
      at next (node_modules/router/index.js:291:5)
      at Layer.handleError (node_modules/router/lib/layer.js:111:12)
      at trimPrefix (node_modules/router/index.js:340:13)
      at node_modules/router/index.js:297:9
      at processParams (node_modules/router/index.js:582:12)
      at next (node_modules/router/index.js:291:5)
      at Layer.handleError (node_modules/router/lib/layer.js:111:12)
      at trimPrefix (node_modules/router/index.js:340:13)
      at node_modules/router/index.js:297:9
      at processParams (node_modules/router/index.js:582:12)
      at next (node_modules/router/index.js:291:5)
      at Layer.handleError (node_modules/router/lib/layer.js:111:12)
      at trimPrefix (node_modules/router/index.js:340:13)
      at node_modules/router/index.js:297:9
      at processParams (node_modules/router/index.js:582:12)
      at next (node_modules/router/index.js:291:5)
      at Layer.handleError (node_modules/router/lib/layer.js:111:12)
      at trimPrefix (node_modules/router/index.js:340:13)
      at node_modules/router/index.js:297:9
      at processParams (node_modules/router/index.js:582:12)
      at next (node_modules/router/index.js:291:5)
      at Layer.handleError (node_modules/router/lib/layer.js:111:12)
      at trimPrefix (node_modules/router/index.js:340:13)
      at node_modules/router/index.js:297:9
      at processParams (node_modules/router/index.js:582:12)
      at next (node_modules/router/index.js:291:5)
      at Layer.handleError (node_modules/router/lib/layer.js:111:12)
      at trimPrefix (node_modules/router/index.js:340:13)
      at node_modules/router/index.js:297:9
      at processParams (node_modules/router/index.js:582:12)
      at next (node_modules/router/index.js:291:5)
      at Layer.handleRequest (node_modules/router/lib/layer.js:165:5)
      at trimPrefix (node_modules/router/index.js:342:13)
      at node_modules/router/index.js:297:9
      at processParams (node_modules/router/index.js:582:12)
      at next (node_modules/router/index.js:291:5)
      at read (node_modules/body-parser/lib/read.js:42:5)
      at urlencodedParser (node_modules/body-parser/lib/types/urlencoded.js:57:5)
      at Layer.handleRequest (node_modules/router/lib/layer.js:152:17)
      at trimPrefix (node_modules/router/index.js:342:13)
      at node_modules/router/index.js:297:9
      at processParams (node_modules/router/index.js:582:12)
      at next (node_modules/router/index.js:291:5)
      at node_modules/body-parser/lib/read.js:171:5
      at invokeCallback (node_modules/raw-body/index.js:238:16)
      at done (node_modules/raw-body/index.js:227:7)
      at IncomingMessage.onEnd (node_modules/raw-body/index.js:287:7)

  console.error
    Γ¥î Error: {
      message: 'Cannot set property query of [object Object] which has only a getter',
      status: 500,
      url: '/api/auth/login',
      method: 'POST',
      stack: 'TypeError: Cannot set property query of [object Object] which has only a getter\n' +
        '    at C:\\Users\\ACER\\Documents\\CHENDA\\chenda\\server\\node_modules\\xss-clean\\src\\index.js:10:20\n' +
        '    at Layer.handleRequest (C:\\Users\\ACER\\Documents\\CHENDA\\chenda\\server\\node_modules\\router\\lib\\layer.js:152:17)\n' +
        '    at trimPrefix (C:\\Users\\ACER\\Documents\\CHENDA\\chenda\\server\\node_modules\\router\\index.js:342:13)\n' +
        '    at C:\\Users\\ACER\\Documents\\CHENDA\\chenda\\server\\node_modules\\router\\index.js:297:9\n' +
        '    at processParams (C:\\Users\\ACER\\Documents\\CHENDA\\chenda\\server\\node_modules\\router\\index.js:582:12)\n' +
        '    at next (C:\\Users\\ACER\\Documents\\CHENDA\\chenda\\server\\node_modules\\router\\index.js:291:5)\n' +
        '    at read (C:\\Users\\ACER\\Documents\\CHENDA\\chenda\\server\\node_modules\\body-parser\\lib\\read.js:42:5)\n' +
        '    at urlencodedParser (C:\\Users\\ACER\\Documents\\CHENDA\\chenda\\server\\node_modules\\body-parser\\lib\\types\\urlencoded.js:57:5)\n' +
        '    at Layer.handleRequest (C:\\Users\\ACER\\Documents\\CHENDA\\chenda\\server\\node_modules\\router\\lib\\layer.js:152:17)\n' +
        '    at trimPrefix (C:\\Users\\ACER\\Documents\\CHENDA\\chenda\\server\\node_modules\\router\\index.js:342:13)\n' +
        '    at C:\\Users\\ACER\\Documents\\CHENDA\\chenda\\server\\node_modules\\router\\index.js:297:9\n' +
        '    at processParams (C:\\Users\\ACER\\Documents\\CHENDA\\chenda\\server\\node_modules\\router\\index.js:582:12)\n' +
        '    at next (C:\\Users\\ACER\\Documents\\CHENDA\\chenda\\server\\node_modules\\router\\index.js:291:5)\n' +
        '    at C:\\Users\\ACER\\Documents\\CHENDA\\chenda\\server\\node_modules\\body-parser\\lib\\read.js:171:5\n' +
        '    at AsyncResource.runInAsyncScope (node:async_hooks:211:14)\n' +
        '    at invokeCallback (C:\\Users\\ACER\\Documents\\CHENDA\\chenda\\server\\node_modules\\raw-body\\index.js:238:16)\n' +
        '    at done (C:\\Users\\ACER\\Documents\\CHENDA\\chenda\\server\\node_modules\\raw-body\\index.js:227:7)\n' +
        '    at IncomingMessage.onEnd (C:\\Users\\ACER\\Documents\\CHENDA\\chenda\\server\\node_modules\\raw-body\\index.js:287:7)\n' +
        '    at IncomingMessage.emit (node:events:513:28)\n' +
        '    at endReadableNT (node:internal/streams/readable:1696:12)\n' +
        '    at processTicksAndRejections (node:internal/process/task_queues:90:21)'
    }

    [0m [90m 28 |[39m   
     [90m 29 |[39m   [90m// Log error[39m
    [31m[1m>[22m[39m[90m 30 |[39m   console[33m.[39merror([32m'Γ¥î Error:'[39m[33m,[39m {
     [90m    |[39m           [31m[1m^[22m[39m
     [90m 31 |[39m     message[33m:[39m err[33m.[39mmessage[33m,[39m
     [90m 32 |[39m     status[33m:[39m statusCode[33m,[39m
     [90m 33 |[39m     url[33m:[39m req[33m.[39moriginalUrl[33m,[39m[0m

      at error (middleware/errorHandler.js:30:11)
      at Layer.handleError (node_modules/router/lib/layer.js:116:17)
      at trimPrefix (node_modules/router/index.js:340:13)
      at node_modules/router/index.js:297:9
      at processParams (node_modules/router/index.js:582:12)
      at next (node_modules/router/index.js:291:5)
      at next (middleware/analyticsMiddleware.js:295:3)
      at Layer.handleError (node_modules/router/lib/layer.js:116:17)
      at trimPrefix (node_modules/router/index.js:340:13)
      at node_modules/router/index.js:297:9
      at processParams (node_modules/router/index.js:582:12)
      at next (node_modules/router/index.js:291:5)
      at Layer.handleError (node_modules/router/lib/layer.js:111:12)
      at trimPrefix (node_modules/router/index.js:340:13)
      at node_modules/router/index.js:297:9
      at processParams (node_modules/router/index.js:582:12)
      at next (node_modules/router/index.js:291:5)
      at Layer.handleError (node_modules/router/lib/layer.js:111:12)
      at trimPrefix (node_modules/router/index.js:340:13)
      at node_modules/router/index.js:297:9
      at processParams (node_modules/router/index.js:582:12)
      at next (node_modules/router/index.js:291:5)
      at Layer.handleError (node_modules/router/lib/layer.js:111:12)
      at trimPrefix (node_modules/router/index.js:340:13)
      at node_modules/router/index.js:297:9
      at processParams (node_modules/router/index.js:582:12)
      at next (node_modules/router/index.js:291:5)
      at Layer.handleError (node_modules/router/lib/layer.js:111:12)
      at trimPrefix (node_modules/router/index.js:340:13)
      at node_modules/router/index.js:297:9
      at processParams (node_modules/router/index.js:582:12)
      at next (node_modules/router/index.js:291:5)
      at Layer.handleError (node_modules/router/lib/layer.js:111:12)
      at trimPrefix (node_modules/router/index.js:340:13)
      at node_modules/router/index.js:297:9
      at processParams (node_modules/router/index.js:582:12)
      at next (node_modules/router/index.js:291:5)
      at Layer.handleError (node_modules/router/lib/layer.js:111:12)
      at trimPrefix (node_modules/router/index.js:340:13)
      at node_modules/router/index.js:297:9
      at processParams (node_modules/router/index.js:582:12)
      at next (node_modules/router/index.js:291:5)
      at Layer.handleError (node_modules/router/lib/layer.js:111:12)
      at trimPrefix (node_modules/router/index.js:340:13)
      at node_modules/router/index.js:297:9
      at processParams (node_modules/router/index.js:582:12)
      at next (node_modules/router/index.js:291:5)
      at Layer.handleError (node_modules/router/lib/layer.js:111:12)
      at trimPrefix (node_modules/router/index.js:340:13)
      at node_modules/router/index.js:297:9
      at processParams (node_modules/router/index.js:582:12)
      at next (node_modules/router/index.js:291:5)
      at Layer.handleError (node_modules/router/lib/layer.js:111:12)
      at trimPrefix (node_modules/router/index.js:340:13)
      at node_modules/router/index.js:297:9
      at processParams (node_modules/router/index.js:582:12)
      at next (node_modules/router/index.js:291:5)
      at Layer.handleRequest (node_modules/router/lib/layer.js:165:5)
      at trimPrefix (node_modules/router/index.js:342:13)
      at node_modules/router/index.js:297:9
      at processParams (node_modules/router/index.js:582:12)
      at next (node_modules/router/index.js:291:5)
      at read (node_modules/body-parser/lib/read.js:42:5)
      at urlencodedParser (node_modules/body-parser/lib/types/urlencoded.js:57:5)
      at Layer.handleRequest (node_modules/router/lib/layer.js:152:17)
      at trimPrefix (node_modules/router/index.js:342:13)
      at node_modules/router/index.js:297:9
      at processParams (node_modules/router/index.js:582:12)
      at next (node_modules/router/index.js:291:5)
      at node_modules/body-parser/lib/read.js:171:5
      at invokeCallback (node_modules/raw-body/index.js:238:16)
      at done (node_modules/raw-body/index.js:227:7)
      at IncomingMessage.onEnd (node_modules/raw-body/index.js:287:7)

  console.log
    
    ≡ƒº╣ Cleaning up test environment...

      at log (__tests__/setup.js:210:11)

  console.log
    Γ£à Test environment cleaned up

      at log (__tests__/setup.js:215:13)

FAIL __tests__/auth.test.js
  POST /api/auth/register
    ├ù should register a new user 
successfully (111 ms)
    ├ù should fail with duplicate 
email (74 ms)
    ├ù should fail with invalid 
email format (15 ms)
    ├ù should fail with short 
password (19 ms)
    ├ù should fail with invalid 
user type (20 ms)
    ├ù should register seller 
successfully (28 ms)
    ├ù should fail with password 
that has no digit (complexity 
rule) (19 ms)
    ├ù should fail with password 
that has no letter (complexity 
rule) (23 ms)
    ├ù should fail with password 
exceeding 128 characters (bcrypt 
DoS prevention) (23 ms)
    ΓêÜ should sanitize XSS 
payload in name field (23 ms)
  POST /api/auth/login
    ├ù should login successfully 
with correct credentials (84 ms)
    ├ù should fail with incorrect 
password (92 ms)
    ├ù should fail with 
non-existent user (22 ms)
    ├ù should fail with missing 
fields (20 ms)
  GET /api/auth/me
    ├ù should return current user 
when authenticated (98 ms)
    ├ù should fail when not 
authenticated (22 ms)
  POST /api/auth/logout
    ├ù should logout successfully 
when authenticated (87 ms)
    ├ù should fail when not 
authenticated (26 ms)
    ├ù should invalidate session 
after logout (100 ms)
  PUT /api/auth/password
    ├ù should update password 
successfully (96 ms)
    ├ù should fail with incorrect 
current password (89 ms)
    ├ù should fail with short new 
password (76 ms)

  ΓùÅ POST /api/auth/register ΓÇ║ 
should register a new user 
successfully

    
expect(received).toBe(expected) 
// Object.is equality

    Expected: 201
    Received: 500

    [0m [90m 43 |[39m       
})[33m;[39m
     [90m 44 |[39m
    [31m[1m>[22m[39m[90m 45 
|[39m     expect(response[33m.[
39mstatus)[33m.[39mtoBe([35m201
[39m)[33m;[39m
     [90m    |[39m              
               
[31m[1m^[22m[39m
     [90m 46 |[39m     expect(re
sponse[33m.[39mbody[33m.[39msu
ccess)[33m.[39mtoBe([36mtrue[3
9m)[33m;[39m
     [90m 47 |[39m     expect(re
sponse[33m.[39mbody[33m.[39mus
er)[33m.[39mtoHaveProperty([32m
'id'[39m)[33m;[39m
     [90m 48 |[39m     expect(re
sponse[33m.[39mbody[33m.[39mus
er[33m.[39memail)[33m.[39mtoBe
([32m'john@example.com'[39m)[33
m;[39m[0m

      at Object.toBe 
(__tests__/auth.test.js:45:29)

  ΓùÅ POST /api/auth/register ΓÇ║ 
should fail with duplicate email

    
expect(received).toBe(expected) 
// Object.is equality

    Expected: 400
    Received: 500

    [0m [90m 65 |[39m       
})[33m;[39m
     [90m 66 |[39m
    [31m[1m>[22m[39m[90m 67 
|[39m     expect(response[33m.[
39mstatus)[33m.[39mtoBe([35m400
[39m)[33m;[39m
     [90m    |[39m              
               
[31m[1m^[22m[39m
     [90m 68 |[39m     expect(re
sponse[33m.[39mbody[33m.[39msu
ccess)[33m.[39mtoBe([36mfalse[
39m)[33m;[39m
     [90m 69 |[39m     expect(re
sponse[33m.[39mbody[33m.[39mme
ssage)[33m.[39mtoContain([32m'a
lready 
registered'[39m)[33m;[39m
     [90m 70 |[39m   
})[33m;[39m[0m

      at Object.toBe 
(__tests__/auth.test.js:67:29)

  ΓùÅ POST /api/auth/register ΓÇ║ 
should fail with invalid email 
format

    
expect(received).toBe(expected) 
// Object.is equality

    Expected: 400
    Received: 500

    [0m [90m 80 |[39m       
})[33m;[39m
     [90m 81 |[39m
    [31m[1m>[22m[39m[90m 82 
|[39m     expect(response[33m.[
39mstatus)[33m.[39mtoBe([35m400
[39m)[33m;[39m
     [90m    |[39m              
               
[31m[1m^[22m[39m
     [90m 83 |[39m     expect(re
sponse[33m.[39mbody[33m.[39msu
ccess)[33m.[39mtoBe([36mfalse[
39m)[33m;[39m
     [90m 84 |[39m   
})[33m;[39m
     [90m 85 |[39m[0m

      at Object.toBe 
(__tests__/auth.test.js:82:29)

  ΓùÅ POST /api/auth/register ΓÇ║ 
should fail with short password

    
expect(received).toBe(expected) 
// Object.is equality

    Expected: 400
    Received: 500

    [0m [90m 94 |[39m       
})[33m;[39m
     [90m 95 |[39m
    [31m[1m>[22m[39m[90m 96 
|[39m     expect(response[33m.[
39mstatus)[33m.[39mtoBe([35m400
[39m)[33m;[39m
     [90m    |[39m              
               
[31m[1m^[22m[39m
     [90m 97 |[39m     expect(re
sponse[33m.[39mbody[33m.[39msu
ccess)[33m.[39mtoBe([36mfalse[
39m)[33m;[39m
     [90m 98 |[39m     expect(re
sponse[33m.[39mbody[33m.[39mme
ssage)[33m.[39mtoContain([32m'a
t least 8 
characters'[39m)[33m;[39m
     [90m 99 |[39m   
})[33m;[39m[0m

      at Object.toBe 
(__tests__/auth.test.js:96:29)

  ΓùÅ POST /api/auth/register ΓÇ║ 
should fail with invalid user type

    
expect(received).toBe(expected) 
// Object.is equality

    Expected: 400
    Received: 500

    [0m [90m 109 |[39m       
})[33m;[39m
     [90m 110 |[39m
    [31m[1m>[22m[39m[90m 111 
|[39m     expect(response[33m.[
39mstatus)[33m.[39mtoBe([35m400
[39m)[33m;[39m
     [90m     |[39m             
                
[31m[1m^[22m[39m
     [90m 112 |[39m     expect(r
esponse[33m.[39mbody[33m.[39ms
uccess)[33m.[39mtoBe([36mfalse
[39m)[33m;[39m
     [90m 113 |[39m   
})[33m;[39m
     [90m 114 |[39m[0m

      at Object.toBe 
(__tests__/auth.test.js:111:29)

  ΓùÅ POST /api/auth/register ΓÇ║ 
should register seller 
successfully

    
expect(received).toBe(expected) 
// Object.is equality

    Expected: 201
    Received: 500

    [0m [90m 123 |[39m       
})[33m;[39m
     [90m 124 |[39m
    [31m[1m>[22m[39m[90m 125 
|[39m     expect(response[33m.[
39mstatus)[33m.[39mtoBe([35m201
[39m)[33m;[39m
     [90m     |[39m             
                
[31m[1m^[22m[39m
     [90m 126 |[39m     expect(r
esponse[33m.[39mbody[33m.[39mu
ser[33m.[39mtype)[33m.[39mtoBe
([32m'seller'[39m)[33m;[39m
     [90m 127 |[39m   
})[33m;[39m
     [90m 128 |[39m[0m

      at Object.toBe 
(__tests__/auth.test.js:125:29)

  ΓùÅ POST /api/auth/register ΓÇ║ 
should fail with password that 
has no digit (complexity rule)

    
expect(received).toBe(expected) 
// Object.is equality

    Expected: 400
    Received: 500

    [0m [90m 139 |[39m       
})[33m;[39m
     [90m 140 |[39m
    [31m[1m>[22m[39m[90m 141 
|[39m     expect(response[33m.[
39mstatus)[33m.[39mtoBe([35m400
[39m)[33m;[39m
     [90m     |[39m             
                
[31m[1m^[22m[39m
     [90m 142 |[39m     expect(r
esponse[33m.[39mbody[33m.[39ms
uccess)[33m.[39mtoBe([36mfalse
[39m)[33m;[39m
     [90m 143 |[39m     expect(r
esponse[33m.[39mbody[33m.[39mm
essage)[33m.[39mtoContain([32m'
letter and one 
number'[39m)[33m;[39m
     [90m 144 |[39m   
})[33m;[39m[0m

      at Object.toBe 
(__tests__/auth.test.js:141:29)

  ΓùÅ POST /api/auth/register ΓÇ║ 
should fail with password that 
has no letter (complexity rule)

    
expect(received).toBe(expected) 
// Object.is equality

    Expected: 400
    Received: 500

    [0m [90m 154 |[39m       
})[33m;[39m
     [90m 155 |[39m
    [31m[1m>[22m[39m[90m 156 
|[39m     expect(response[33m.[
39mstatus)[33m.[39mtoBe([35m400
[39m)[33m;[39m
     [90m     |[39m             
                
[31m[1m^[22m[39m
     [90m 157 |[39m     expect(r
esponse[33m.[39mbody[33m.[39ms
uccess)[33m.[39mtoBe([36mfalse
[39m)[33m;[39m
     [90m 158 |[39m     expect(r
esponse[33m.[39mbody[33m.[39mm
essage)[33m.[39mtoContain([32m'
letter and one 
number'[39m)[33m;[39m
     [90m 159 |[39m   
})[33m;[39m[0m

      at Object.toBe 
(__tests__/auth.test.js:156:29)

  ΓùÅ POST /api/auth/register ΓÇ║ 
should fail with password 
exceeding 128 characters (bcrypt 
DoS prevention)

    
expect(received).toBe(expected) 
// Object.is equality

    Expected: 400
    Received: 500

    [0m [90m 169 |[39m       
})[33m;[39m
     [90m 170 |[39m
    [31m[1m>[22m[39m[90m 171 
|[39m     expect(response[33m.[
39mstatus)[33m.[39mtoBe([35m400
[39m)[33m;[39m
     [90m     |[39m             
                
[31m[1m^[22m[39m
     [90m 172 |[39m     expect(r
esponse[33m.[39mbody[33m.[39ms
uccess)[33m.[39mtoBe([36mfalse
[39m)[33m;[39m
     [90m 173 |[39m     expect(r
esponse[33m.[39mbody[33m.[39mm
essage)[33m.[39mtoContain([32m'
128 characters'[39m)[33m;[39m
     [90m 174 |[39m   
})[33m;[39m[0m

      at Object.toBe 
(__tests__/auth.test.js:171:29)

  ΓùÅ POST /api/auth/login ΓÇ║ 
should login successfully with 
correct credentials

    
expect(received).toBe(expected) 
// Object.is equality

    Expected: 200
    Received: 500

    [0m [90m 209 |[39m       
})[33m;[39m
     [90m 210 |[39m
    [31m[1m>[22m[39m[90m 211 
|[39m     expect(response[33m.[
39mstatus)[33m.[39mtoBe([35m200
[39m)[33m;[39m
     [90m     |[39m             
                
[31m[1m^[22m[39m
     [90m 212 |[39m     expect(r
esponse[33m.[39mbody[33m.[39ms
uccess)[33m.[39mtoBe([36mtrue[
39m)[33m;[39m
     [90m 213 |[39m     expect(r
esponse[33m.[39mbody[33m.[39mu
ser[33m.[39memail)[33m.[39mtoB
e([32m'login@example.com'[39m)[
33m;[39m
     [90m 214 |[39m     expect(r
esponse[33m.[39mheaders[[32m'se
t-cookie'[39m])[33m.[39mtoBeDef
ined()[33m;[39m[0m

      at Object.toBe 
(__tests__/auth.test.js:211:29)

  ΓùÅ POST /api/auth/login ΓÇ║ 
should fail with incorrect 
password

    
expect(received).toBe(expected) 
// Object.is equality

    Expected: 401
    Received: 500

    [0m [90m 228 |[39m       
})[33m;[39m
     [90m 229 |[39m
    [31m[1m>[22m[39m[90m 230 
|[39m     expect(response[33m.[
39mstatus)[33m.[39mtoBe([35m401
[39m)[33m;[39m
     [90m     |[39m             
                
[31m[1m^[22m[39m
     [90m 231 |[39m     expect(r
esponse[33m.[39mbody[33m.[39ms
uccess)[33m.[39mtoBe([36mfalse
[39m)[33m;[39m
     [90m 232 |[39m   
})[33m;[39m
     [90m 233 |[39m[0m

      at Object.toBe 
(__tests__/auth.test.js:230:29)

  ΓùÅ POST /api/auth/login ΓÇ║ 
should fail with non-existent user

    
expect(received).toBe(expected) 
// Object.is equality

    Expected: 401
    Received: 500

    [0m [90m 240 |[39m       
})[33m;[39m
     [90m 241 |[39m
    [31m[1m>[22m[39m[90m 242 
|[39m     expect(response[33m.[
39mstatus)[33m.[39mtoBe([35m401
[39m)[33m;[39m
     [90m     |[39m             
                
[31m[1m^[22m[39m
     [90m 243 |[39m     expect(r
esponse[33m.[39mbody[33m.[39ms
uccess)[33m.[39mtoBe([36mfalse
[39m)[33m;[39m
     [90m 244 |[39m   
})[33m;[39m
     [90m 245 |[39m[0m

      at Object.toBe 
(__tests__/auth.test.js:242:29)

  ΓùÅ POST /api/auth/login ΓÇ║ 
should fail with missing fields

    
expect(received).toBe(expected) 
// Object.is equality

    Expected: 401
    Received: 500

    [0m [90m 251 |[39m       
})[33m;[39m
     [90m 252 |[39m
    [31m[1m>[22m[39m[90m 253 
|[39m     expect(response[33m.[
39mstatus)[33m.[39mtoBe([35m401
[39m)[33m;[39m
     [90m     |[39m             
                
[31m[1m^[22m[39m
     [90m 254 |[39m     expect(r
esponse[33m.[39mbody[33m.[39ms
uccess)[33m.[39mtoBe([36mfalse
[39m)[33m;[39m
     [90m 255 |[39m   
})[33m;[39m
     [90m 256 |[39m 
})[33m;[39m[0m

      at Object.toBe 
(__tests__/auth.test.js:253:29)

  ΓùÅ GET /api/auth/me ΓÇ║ should 
return current user when 
authenticated

    Login failed: Cannot set 
property query of [object Object] 
which has only a getter

    [0m [90m 132 |[39m
     [90m 133 |[39m   
[36mif[39m 
(response[33m.[39mstatus 
[33m!==[39m [35m200[39m) {
    [31m[1m>[22m[39m[90m 134 
|[39m     [36mthrow[39m 
[36mnew[39m 
[33mError[39m([32m`Login 
failed: ${response.body.message}`
[39m)[33m;[39m
     [90m     |[39m           
[31m[1m^[22m[39m
     [90m 135 |[39m   }
     [90m 136 |[39m
     [90m 137 |[39m   [90m// 
Extract session cookie[39m[0m

      at loginUser 
(__tests__/helpers.js:134:11)
      at Object.<anonymous> 
(__tests__/auth.test.js:261:21)

  ΓùÅ GET /api/auth/me ΓÇ║ should 
fail when not authenticated

    
expect(received).toBe(expected) 
// Object.is equality

    Expected: 401
    Received: 500

    [0m [90m 275 |[39m       [
33m.[39m[36mget[39m([32m'/api/
auth/me'[39m)[33m;[39m
     [90m 276 |[39m
    [31m[1m>[22m[39m[90m 277 
|[39m     expect(response[33m.[
39mstatus)[33m.[39mtoBe([35m401
[39m)[33m;[39m
     [90m     |[39m             
                
[31m[1m^[22m[39m
     [90m 278 |[39m     expect(r
esponse[33m.[39mbody[33m.[39ms
uccess)[33m.[39mtoBe([36mfalse
[39m)[33m;[39m
     [90m 279 |[39m   
})[33m;[39m
     [90m 280 |[39m 
})[33m;[39m[0m

      at Object.toBe 
(__tests__/auth.test.js:277:29)

  ΓùÅ POST /api/auth/logout ΓÇ║ 
should logout successfully when 
authenticated

    Login failed: Cannot set 
property query of [object Object] 
which has only a getter

    [0m [90m 132 |[39m
     [90m 133 |[39m   
[36mif[39m 
(response[33m.[39mstatus 
[33m!==[39m [35m200[39m) {
    [31m[1m>[22m[39m[90m 134 
|[39m     [36mthrow[39m 
[36mnew[39m 
[33mError[39m([32m`Login 
failed: ${response.body.message}`
[39m)[33m;[39m
     [90m     |[39m           
[31m[1m^[22m[39m
     [90m 135 |[39m   }
     [90m 136 |[39m
     [90m 137 |[39m   [90m// 
Extract session cookie[39m[0m

      at loginUser 
(__tests__/helpers.js:134:11)
      at Object.<anonymous> 
(__tests__/auth.test.js:285:21)

  ΓùÅ POST /api/auth/logout ΓÇ║ 
should fail when not authenticated

    
expect(received).toBe(expected) 
// Object.is equality

    Expected: 401
    Received: 500

    [0m [90m 298 |[39m       [
33m.[39mpost([32m'/api/auth/logo
ut'[39m)[33m;[39m
     [90m 299 |[39m
    [31m[1m>[22m[39m[90m 300 
|[39m     expect(response[33m.[
39mstatus)[33m.[39mtoBe([35m401
[39m)[33m;[39m
     [90m     |[39m             
                
[31m[1m^[22m[39m
     [90m 301 |[39m     expect(r
esponse[33m.[39mbody[33m.[39ms
uccess)[33m.[39mtoBe([36mfalse
[39m)[33m;[39m
     [90m 302 |[39m   
})[33m;[39m
     [90m 303 |[39m[0m

      at Object.toBe 
(__tests__/auth.test.js:300:29)

  ΓùÅ POST /api/auth/logout ΓÇ║ 
should invalidate session after 
logout

    Login failed: Cannot set 
property query of [object Object] 
which has only a getter

    [0m [90m 132 |[39m
     [90m 133 |[39m   
[36mif[39m 
(response[33m.[39mstatus 
[33m!==[39m [35m200[39m) {
    [31m[1m>[22m[39m[90m 134 
|[39m     [36mthrow[39m 
[36mnew[39m 
[33mError[39m([32m`Login 
failed: ${response.body.message}`
[39m)[33m;[39m
     [90m     |[39m           
[31m[1m^[22m[39m
     [90m 135 |[39m   }
     [90m 136 |[39m
     [90m 137 |[39m   [90m// 
Extract session cookie[39m[0m

      at loginUser 
(__tests__/helpers.js:134:11)
      at Object.<anonymous> 
(__tests__/auth.test.js:306:21)

  ΓùÅ PUT /api/auth/password ΓÇ║ 
should update password 
successfully

    Login failed: Cannot set 
property query of [object Object] 
which has only a getter

    [0m [90m 132 |[39m
     [90m 133 |[39m   
[36mif[39m 
(response[33m.[39mstatus 
[33m!==[39m [35m200[39m) {
    [31m[1m>[22m[39m[90m 134 
|[39m     [36mthrow[39m 
[36mnew[39m 
[33mError[39m([32m`Login 
failed: ${response.body.message}`
[39m)[33m;[39m
     [90m     |[39m           
[31m[1m^[22m[39m
     [90m 135 |[39m   }
     [90m 136 |[39m
     [90m 137 |[39m   [90m// 
Extract session cookie[39m[0m

      at loginUser 
(__tests__/helpers.js:134:11)
      at Object.<anonymous> 
(__tests__/auth.test.js:325:21)

  ΓùÅ PUT /api/auth/password ΓÇ║ 
should fail with incorrect 
current password

    Login failed: Cannot set 
property query of [object Object] 
which has only a getter

    [0m [90m 132 |[39m
     [90m 133 |[39m   
[36mif[39m 
(response[33m.[39mstatus 
[33m!==[39m [35m200[39m) {
    [31m[1m>[22m[39m[90m 134 
|[39m     [36mthrow[39m 
[36mnew[39m 
[33mError[39m([32m`Login 
failed: ${response.body.message}`
[39m)[33m;[39m
     [90m     |[39m           
[31m[1m^[22m[39m
     [90m 135 |[39m   }
     [90m 136 |[39m
     [90m 137 |[39m   [90m// 
Extract session cookie[39m[0m

      at loginUser 
(__tests__/helpers.js:134:11)
      at Object.<anonymous> 
(__tests__/auth.test.js:353:21)

  ΓùÅ PUT /api/auth/password ΓÇ║ 
should fail with short new 
password

    Login failed: Cannot set 
property query of [object Object] 
which has only a getter

    [0m [90m 132 |[39m
     [90m 133 |[39m   
[36mif[39m 
(response[33m.[39mstatus 
[33m!==[39m [35m200[39m) {
    [31m[1m>[22m[39m[90m 134 
|[39m     [36mthrow[39m 
[36mnew[39m 
[33mError[39m([32m`Login 
failed: ${response.body.message}`
[39m)[33m;[39m
     [90m     |[39m           
[31m[1m^[22m[39m
     [90m 135 |[39m   }
     [90m 136 |[39m
     [90m 137 |[39m   [90m// 
Extract session cookie[39m[0m

      at loginUser 
(__tests__/helpers.js:134:11)
      at Object.<anonymous> 
(__tests__/auth.test.js:370:21)

Test Suites: 1 failed, 1 total
Tests:       21 failed, 1 passed, 
22 total
Snapshots:   0 total
Time:        3.292 s, estimated 
11 s
Ran all test suites matching 
__tests__/auth.test.js.
Force exiting Jest: Have you 
considered using 
`--detectOpenHandles` to detect 
async operations that kept 
running after all tests finished?
